test_missing_asset_fails_closed (tests.compiler_engine.test_asset_manifest.AssetManifestTests.test_missing_asset_fails_closed) ... ok
test_required_audio_asset_resolved (tests.compiler_engine.test_asset_manifest.AssetManifestTests.test_required_audio_asset_resolved) ... ok
test_content_hash_bound (tests.compiler_engine.test_bie_game_comp_001.Comp001Tests.test_content_hash_bound) ... ok
test_deterministic (tests.compiler_engine.test_bie_game_comp_001.Comp001Tests.test_deterministic) ... ok
test_missing_provenance_fails (tests.compiler_engine.test_bie_game_comp_001.Comp001Tests.test_missing_provenance_fails) ... ok
test_product_acceptance_false (tests.compiler_engine.test_bie_game_comp_001.Comp001Tests.test_product_acceptance_false) ... ok
test_valid_compile (tests.compiler_engine.test_bie_game_comp_001.Comp001Tests.test_valid_compile) ... ok
test_content_hash_bound (tests.compiler_engine.test_bie_game_comp_002.Comp002Tests.test_content_hash_bound) ... ok
test_deterministic (tests.compiler_engine.test_bie_game_comp_002.Comp002Tests.test_deterministic) ... ok
test_missing_provenance_fails (tests.compiler_engine.test_bie_game_comp_002.Comp002Tests.test_missing_provenance_fails) ... ok
test_product_acceptance_false (tests.compiler_engine.test_bie_game_comp_002.Comp002Tests.test_product_acceptance_false) ... ok
test_studio_runtime_not_slide_deck (tests.compiler_engine.test_bie_game_comp_002.Comp002Tests.test_studio_runtime_not_slide_deck) ... ok
test_valid_compile (tests.compiler_engine.test_bie_game_comp_002.Comp002Tests.test_valid_compile) ... ok
test_content_hash_bound (tests.compiler_engine.test_bie_game_comp_003.Comp003Tests.test_content_hash_bound) ... ok
test_csp_and_external_module_script (tests.compiler_engine.test_bie_game_comp_003.Comp003Tests.test_csp_and_external_module_script) ... ok
test_deterministic (tests.compiler_engine.test_bie_game_comp_003.Comp003Tests.test_deterministic) ... ok
test_missing_provenance_fails (tests.compiler_engine.test_bie_game_comp_003.Comp003Tests.test_missing_provenance_fails) ... ok
test_product_acceptance_false (tests.compiler_engine.test_bie_game_comp_003.Comp003Tests.test_product_acceptance_false) ... ok
test_valid_compile (tests.compiler_engine.test_bie_game_comp_003.Comp003Tests.test_valid_compile) ... ok
test_content_hash_bound (tests.compiler_engine.test_bie_game_comp_004.Comp004Tests.test_content_hash_bound) ... ok
test_deterministic (tests.compiler_engine.test_bie_game_comp_004.Comp004Tests.test_deterministic) ... ok
test_missing_provenance_fails (tests.compiler_engine.test_bie_game_comp_004.Comp004Tests.test_missing_provenance_fails) ... ok
test_product_acceptance_false (tests.compiler_engine.test_bie_game_comp_004.Comp004Tests.test_product_acceptance_false) ... ok
test_state_schema_preserves_bounds (tests.compiler_engine.test_bie_game_comp_004.Comp004Tests.test_state_schema_preserves_bounds) ... ok
test_valid_compile (tests.compiler_engine.test_bie_game_comp_004.Comp004Tests.test_valid_compile) ... ok
test_content_hash_bound (tests.compiler_engine.test_bie_game_comp_005.Comp005Tests.test_content_hash_bound) ... ok
test_deterministic (tests.compiler_engine.test_bie_game_comp_005.Comp005Tests.test_deterministic) ... ok
test_missing_provenance_fails (tests.compiler_engine.test_bie_game_comp_005.Comp005Tests.test_missing_provenance_fails) ... ok
test_product_acceptance_false (tests.compiler_engine.test_bie_game_comp_005.Comp005Tests.test_product_acceptance_false) ... ok
test_rule_codegen_contains_no_eval (tests.compiler_engine.test_bie_game_comp_005.Comp005Tests.test_rule_codegen_contains_no_eval) ... ok
test_valid_compile (tests.compiler_engine.test_bie_game_comp_005.Comp005Tests.test_valid_compile) ... ok
test_accessibility_and_causal_events_propagate (tests.compiler_engine.test_bie_game_comp_006.Comp006Tests.test_accessibility_and_causal_events_propagate) ... ok
test_content_hash_bound (tests.compiler_engine.test_bie_game_comp_006.Comp006Tests.test_content_hash_bound) ... ok
test_deterministic (tests.compiler_engine.test_bie_game_comp_006.Comp006Tests.test_deterministic) ... ok
test_missing_provenance_fails (tests.compiler_engine.test_bie_game_comp_006.Comp006Tests.test_missing_provenance_fails) ... ok
test_product_acceptance_false (tests.compiler_engine.test_bie_game_comp_006.Comp006Tests.test_product_acceptance_false) ... ok
test_valid_compile (tests.compiler_engine.test_bie_game_comp_006.Comp006Tests.test_valid_compile) ... ok
test_content_hash_bound (tests.compiler_engine.test_bie_game_comp_007.Comp007Tests.test_content_hash_bound) ... ok
test_deterministic (tests.compiler_engine.test_bie_game_comp_007.Comp007Tests.test_deterministic) ... ok
test_missing_provenance_fails (tests.compiler_engine.test_bie_game_comp_007.Comp007Tests.test_missing_provenance_fails) ... ok
test_product_acceptance_false (tests.compiler_engine.test_bie_game_comp_007.Comp007Tests.test_product_acceptance_false) ... ok
test_speed_pressure_forbidden (tests.compiler_engine.test_bie_game_comp_007.Comp007Tests.test_speed_pressure_forbidden) ... ok
test_valid_compile (tests.compiler_engine.test_bie_game_comp_007.Comp007Tests.test_valid_compile) ... ok
test_content_hash_bound (tests.compiler_engine.test_bie_game_comp_008.Comp008Tests.test_content_hash_bound) ... ok
test_deterministic (tests.compiler_engine.test_bie_game_comp_008.Comp008Tests.test_deterministic) ... ok
test_missing_provenance_fails (tests.compiler_engine.test_bie_game_comp_008.Comp008Tests.test_missing_provenance_fails) ... ok
test_missing_text_ref_fails_closed (tests.compiler_engine.test_bie_game_comp_008.Comp008Tests.test_missing_text_ref_fails_closed) ... ok
test_no_premature_answer_reveal (tests.compiler_engine.test_bie_game_comp_008.Comp008Tests.test_no_premature_answer_reveal) ... ok
test_product_acceptance_false (tests.compiler_engine.test_bie_game_comp_008.Comp008Tests.test_product_acceptance_false) ... ok
test_valid_compile (tests.compiler_engine.test_bie_game_comp_008.Comp008Tests.test_valid_compile) ... ok
test_content_hash_bound (tests.compiler_engine.test_bie_game_comp_009.Comp009Tests.test_content_hash_bound) ... ok
test_deterministic (tests.compiler_engine.test_bie_game_comp_009.Comp009Tests.test_deterministic) ... ok
test_deterministic_priority_emitted (tests.compiler_engine.test_bie_game_comp_009.Comp009Tests.test_deterministic_priority_emitted) ... ok
test_missing_provenance_fails (tests.compiler_engine.test_bie_game_comp_009.Comp009Tests.test_missing_provenance_fails) ... ok
test_product_acceptance_false (tests.compiler_engine.test_bie_game_comp_009.Comp009Tests.test_product_acceptance_false) ... ok
test_valid_compile (tests.compiler_engine.test_bie_game_comp_009.Comp009Tests.test_valid_compile) ... ok
test_content_hash_bound (tests.compiler_engine.test_bie_game_comp_010.Comp010Tests.test_content_hash_bound) ... ok
test_deterministic (tests.compiler_engine.test_bie_game_comp_010.Comp010Tests.test_deterministic) ... ok
test_missing_provenance_fails (tests.compiler_engine.test_bie_game_comp_010.Comp010Tests.test_missing_provenance_fails) ... ok
test_product_acceptance_false (tests.compiler_engine.test_bie_game_comp_010.Comp010Tests.test_product_acceptance_false) ... ok
test_sanitizer_allowlist_emitted (tests.compiler_engine.test_bie_game_comp_010.Comp010Tests.test_sanitizer_allowlist_emitted) ... ok
test_sensitive_telemetry_rejected (tests.compiler_engine.test_bie_game_comp_010.Comp010Tests.test_sensitive_telemetry_rejected) ... ok
test_valid_compile (tests.compiler_engine.test_bie_game_comp_010.Comp010Tests.test_valid_compile) ... ok
test_bootstrap_imports_compiled_runtime_modules (tests.compiler_engine.test_bootstrap.BootstrapTests.test_bootstrap_imports_compiled_runtime_modules) ... ok
test_no_remote_or_eval (tests.compiler_engine.test_bootstrap.BootstrapTests.test_no_remote_or_eval) ... ok
test_all_programs_bound (tests.compiler_engine.test_bootstrap_full_bindings.FullBootstrapTests.test_all_programs_bound) ... ok
test_bootstrap_mounts_studio_level (tests.compiler_engine.test_bootstrap_full_bindings.FullBootstrapTests.test_bootstrap_mounts_studio_level) ... ok
test_artifact_absolute_path_rejected (tests.compiler_engine.test_compiler_adversarial.CompilerAdversarialTests.test_artifact_absolute_path_rejected) ... ok
test_artifact_path_traversal_rejected (tests.compiler_engine.test_compiler_adversarial.CompilerAdversarialTests.test_artifact_path_traversal_rejected) ... ok
test_bundle_has_no_duplicate_hash_path_pairs (tests.compiler_engine.test_compiler_adversarial.CompilerAdversarialTests.test_bundle_has_no_duplicate_hash_path_pairs) ... ok
test_bundle_receipt_profile_bound (tests.compiler_engine.test_compiler_adversarial.CompilerAdversarialTests.test_bundle_receipt_profile_bound) ... ok
test_duplicate_telemetry_allowlist_rejected (tests.compiler_engine.test_compiler_adversarial.CompilerAdversarialTests.test_duplicate_telemetry_allowlist_rejected) ... ok
test_html_has_no_inline_executable_script (tests.compiler_engine.test_compiler_adversarial.CompilerAdversarialTests.test_html_has_no_inline_executable_script) ... ok
test_invalid_mastery_threshold_rejected (tests.compiler_engine.test_compiler_adversarial.CompilerAdversarialTests.test_invalid_mastery_threshold_rejected) ... ok
test_missing_audio_asset_fails_closed (tests.compiler_engine.test_compiler_adversarial.CompilerAdversarialTests.test_missing_audio_asset_fails_closed) ... ok
test_missing_feedback_text_fails_closed (tests.compiler_engine.test_compiler_adversarial.CompilerAdversarialTests.test_missing_feedback_text_fails_closed) ... ok
test_missing_scoring_policy_fails_closed (tests.compiler_engine.test_compiler_adversarial.CompilerAdversarialTests.test_missing_scoring_policy_fails_closed) ... ok
test_negative_hint_cost_rejected (tests.compiler_engine.test_compiler_adversarial.CompilerAdversarialTests.test_negative_hint_cost_rejected) ... ok
test_security_policy_dynamic_import_rejected (tests.compiler_engine.test_compiler_adversarial.CompilerAdversarialTests.test_security_policy_dynamic_import_rejected) ... ok
test_security_policy_eval_rejected (tests.compiler_engine.test_compiler_adversarial.CompilerAdversarialTests.test_security_policy_eval_rejected) ... ok
test_security_policy_inline_script_rejected (tests.compiler_engine.test_compiler_adversarial.CompilerAdversarialTests.test_security_policy_inline_script_rejected) ... ok
test_security_policy_remote_network_rejected (tests.compiler_engine.test_compiler_adversarial.CompilerAdversarialTests.test_security_policy_remote_network_rejected) ... ok
test_sensitive_answer_text_telemetry_rejected (tests.compiler_engine.test_compiler_adversarial.CompilerAdversarialTests.test_sensitive_answer_text_telemetry_rejected) ... ok
test_sensitive_email_telemetry_rejected (tests.compiler_engine.test_compiler_adversarial.CompilerAdversarialTests.test_sensitive_email_telemetry_rejected) ... ok
test_speed_pressure_scoring_fails_closed (tests.compiler_engine.test_compiler_adversarial.CompilerAdversarialTests.test_speed_pressure_scoring_fails_closed) ... ok
test_tampered_artifact_hash_rejected (tests.compiler_engine.test_compiler_adversarial.CompilerAdversarialTests.test_tampered_artifact_hash_rejected) ... ok
test_telemetry_raw_text_policy_rejected (tests.compiler_engine.test_compiler_adversarial.CompilerAdversarialTests.test_telemetry_raw_text_policy_rejected) ... ok
test_bundle_has_15_artifacts (tests.compiler_engine.test_compiler_architecture.ArchitectureTests.test_bundle_has_15_artifacts) ... ok
test_bundle_is_deterministic (tests.compiler_engine.test_compiler_architecture.ArchitectureTests.test_bundle_is_deterministic) ... ok
test_no_eval_exec_compile_import_dynamic_calls (tests.compiler_engine.test_compiler_architecture.ArchitectureTests.test_no_eval_exec_compile_import_dynamic_calls) ... ok
test_no_remote_network_or_inline_script (tests.compiler_engine.test_compiler_architecture.ArchitectureTests.test_no_remote_network_or_inline_script) ... ok
test_paths_unique (tests.compiler_engine.test_compiler_architecture.ArchitectureTests.test_paths_unique) ... ok
test_receipt_binds_all_artifacts (tests.compiler_engine.test_compiler_architecture.ArchitectureTests.test_receipt_binds_all_artifacts) ... ok
test_literal_string_json_escaped (tests.compiler_engine.test_expression_codegen.ExprCodegenTests.test_literal_string_json_escaped) ... ok
test_nested_expression (tests.compiler_engine.test_expression_codegen.ExprCodegenTests.test_nested_expression) ... ok
test_unknown_variable_fails (tests.compiler_engine.test_expression_codegen.ExprCodegenTests.test_unknown_variable_fails) ... ok
test_manifest_security_and_quality (tests.compiler_engine.test_pipeline_security.PipelineSecurityTests.test_manifest_security_and_quality) ... ok
test_product_acceptance_false_everywhere (tests.compiler_engine.test_pipeline_security.PipelineSecurityTests.test_product_acceptance_false_everywhere) ... ok
test_dependency_graph_has_bootstrap_edges (tests.compiler_engine.test_runtime_dependency_graph.RuntimeDependencyGraphTests.test_dependency_graph_has_bootstrap_edges) ... ok
test_dependency_graph_is_acyclic (tests.compiler_engine.test_runtime_dependency_graph.RuntimeDependencyGraphTests.test_dependency_graph_is_acyclic) ... ok
test_dependency_targets_are_resolvable (tests.compiler_engine.test_runtime_dependency_graph.RuntimeDependencyGraphTests.test_dependency_targets_are_resolvable) ... ok
test_manifest_lists_14_pre_manifest_artifacts (tests.compiler_engine.test_runtime_dependency_graph.RuntimeDependencyGraphTests.test_manifest_lists_14_pre_manifest_artifacts) ... ok
test_security_flags_all_closed (tests.compiler_engine.test_runtime_dependency_graph.RuntimeDependencyGraphTests.test_security_flags_all_closed) ... ok
test_studio_quality_flags_are_all_strict (tests.compiler_engine.test_runtime_dependency_graph.RuntimeDependencyGraphTests.test_studio_quality_flags_are_all_strict) ... ok
test_level_and_challenge_bound (tests.compiler_engine.test_source_map.SourceMapTests.test_level_and_challenge_bound) ... ok

----------------------------------------------------------------------
Ran 105 tests in 0.836s

OK
