test_bad_json (tests.dsl_core.test_codec.T.test_bad_json) ... ok
test_deterministic_wire (tests.dsl_core.test_codec.T.test_deterministic_wire) ... ok
test_expr_roundtrip (tests.dsl_core.test_codec.T.test_expr_roundtrip) ... ok
test_roundtrip (tests.dsl_core.test_codec.T.test_roundtrip) ... ok
test_unknown_enum (tests.dsl_core.test_codec.T.test_unknown_enum) ... ok
test_unknown_field (tests.dsl_core.test_codec.T.test_unknown_field) ... ok
test_unknown_type (tests.dsl_core.test_codec.T.test_unknown_type) ... ok
test_duplicate_experience (tests.dsl_core.test_document_quality.T.test_duplicate_experience) ... ok
test_dynamic_requires_motion (tests.dsl_core.test_document_quality.T.test_dynamic_requires_motion) ... ok
test_fingerprint_deterministic (tests.dsl_core.test_document_quality.T.test_fingerprint_deterministic) ... ok
test_product_acceptance_forbidden (tests.dsl_core.test_document_quality.T.test_product_acceptance_forbidden) ... ok
test_quality_weakened (tests.dsl_core.test_document_quality.T.test_quality_weakened) ... ok
test_slide_only_forbidden (tests.dsl_core.test_document_quality.T.test_slide_only_forbidden) ... ok
test_valid (tests.dsl_core.test_document_quality.T.test_valid) ... ok
test_arithmetic (tests.dsl_core.test_expressions.T.test_arithmetic) ... ok
test_boolean (tests.dsl_core.test_expressions.T.test_boolean) ... ok
test_compare (tests.dsl_core.test_expressions.T.test_compare) ... ok
test_depth (tests.dsl_core.test_expressions.T.test_depth) ... ok
test_div_zero (tests.dsl_core.test_expressions.T.test_div_zero) ... ok
test_not (tests.dsl_core.test_expressions.T.test_not) ... ok
test_unknown_var (tests.dsl_core.test_expressions.T.test_unknown_var) ... ok
test_unsupported_node (tests.dsl_core.test_expressions.T.test_unsupported_node) ... ok
test_adapt (tests.dsl_core.test_feedback_adaptation.T.test_adapt) ... ok
test_adapt_target (tests.dsl_core.test_feedback_adaptation.T.test_adapt_target) ... ok
test_answer_reveal (tests.dsl_core.test_feedback_adaptation.T.test_answer_reveal) ... ok
test_feedback (tests.dsl_core.test_feedback_adaptation.T.test_feedback) ... ok
test_priority_tie (tests.dsl_core.test_feedback_adaptation.T.test_priority_tie) ... ok
test_bad_ids (tests.dsl_core.test_ids_canonical.T.test_bad_ids) ... ok
test_bad_semver (tests.dsl_core.test_ids_canonical.T.test_bad_semver) ... ok
test_bad_sha (tests.dsl_core.test_ids_canonical.T.test_bad_sha) ... ok
test_bad_text (tests.dsl_core.test_ids_canonical.T.test_bad_text) ... ok
test_canonical_dict_order (tests.dsl_core.test_ids_canonical.T.test_canonical_dict_order) ... ok
test_fingerprint_stable (tests.dsl_core.test_ids_canonical.T.test_fingerprint_stable) ... ok
test_id (tests.dsl_core.test_ids_canonical.T.test_id) ... ok
test_nonfinite_rejected (tests.dsl_core.test_ids_canonical.T.test_nonfinite_rejected) ... ok
test_semver (tests.dsl_core.test_ids_canonical.T.test_semver) ... ok
test_sha (tests.dsl_core.test_ids_canonical.T.test_sha) ... ok
test_text (tests.dsl_core.test_ids_canonical.T.test_text) ... ok
test_action_keyboard (tests.dsl_core.test_interaction.T.test_action_keyboard) ... ok
test_contract_duplicate_action (tests.dsl_core.test_interaction.T.test_contract_duplicate_action) ... ok
test_div_zero (tests.dsl_core.test_interaction.T.test_div_zero) ... ok
test_drag_needs_keyboard (tests.dsl_core.test_interaction.T.test_drag_needs_keyboard) ... ok
test_effect_target (tests.dsl_core.test_interaction.T.test_effect_target) ... ok
test_rule (tests.dsl_core.test_interaction.T.test_rule) ... ok
test_rule_no_grounding (tests.dsl_core.test_interaction.T.test_rule_no_grounding) ... ok
test_enum (tests.dsl_core.test_learning_state.T.test_enum) ... ok
test_enum_bad (tests.dsl_core.test_learning_state.T.test_enum_bad) ... ok
test_learning (tests.dsl_core.test_learning_state.T.test_learning) ... ok
test_learning_no_concept (tests.dsl_core.test_learning_state.T.test_learning_no_concept) ... ok
test_mastery_range (tests.dsl_core.test_learning_state.T.test_mastery_range) ... ok
test_model_duplicate (tests.dsl_core.test_learning_state.T.test_model_duplicate) ... ok
test_state (tests.dsl_core.test_learning_state.T.test_state) ... ok
test_state_range (tests.dsl_core.test_learning_state.T.test_state_range) ... ok
test_duplicate (tests.dsl_core.test_provenance.T.test_duplicate) ... ok
test_hash_required (tests.dsl_core.test_provenance.T.test_hash_required) ... ok
test_missing_required (tests.dsl_core.test_provenance.T.test_missing_required) ... ok
test_role (tests.dsl_core.test_provenance.T.test_role) ... ok
test_valid (tests.dsl_core.test_provenance.T.test_valid) ... ok
test_current (tests.dsl_core.test_registry_compat_receipt.T.test_current) ... ok
test_legacy_inspect (tests.dsl_core.test_registry_compat_receipt.T.test_legacy_inspect) ... ok
test_legacy_readonly (tests.dsl_core.test_registry_compat_receipt.T.test_legacy_readonly) ... ok
test_migration_blocked (tests.dsl_core.test_registry_compat_receipt.T.test_migration_blocked) ... ok
test_receipt (tests.dsl_core.test_registry_compat_receipt.T.test_receipt) ... ok
test_receipt_stable (tests.dsl_core.test_registry_compat_receipt.T.test_receipt_stable) ... ok
test_unknown (tests.dsl_core.test_registry_compat_receipt.T.test_unknown) ... ok
test_stable (tests.dsl_core.test_validation.T.test_stable) ... ok
test_validate (tests.dsl_core.test_validation.T.test_validate) ... ok
test_wrong_type (tests.dsl_core.test_validation.T.test_wrong_type) ... ok
test_audio (tests.dsl_core.test_visual_audio.T.test_audio) ... ok
test_audio_duplicates (tests.dsl_core.test_visual_audio.T.test_audio_duplicates) ... ok
test_audio_source (tests.dsl_core.test_visual_audio.T.test_audio_source) ... ok
test_camera_requires_target (tests.dsl_core.test_visual_audio.T.test_camera_requires_target) ... ok
test_motion_purpose (tests.dsl_core.test_visual_audio.T.test_motion_purpose) ... ok
test_motion_target (tests.dsl_core.test_visual_audio.T.test_motion_target) ... ok
test_visual (tests.dsl_core.test_visual_audio.T.test_visual) ... ok
test_visual_accessibility (tests.dsl_core.test_visual_audio.T.test_visual_accessibility) ... ok

----------------------------------------------------------------------
Ran 76 tests in 0.034s

OK
