test_archive_tamper_rejected (tests.hardening_h6.test_dsl_traceability.TraceabilityTests.test_archive_tamper_rejected) ... ok
test_complete_original_is_recovered (tests.hardening_h6.test_dsl_traceability.TraceabilityTests.test_complete_original_is_recovered) ... ok
test_duplicate_member_rejected (tests.hardening_h6.test_dsl_traceability.TraceabilityTests.test_duplicate_member_rejected) ... ok
test_extra_test_rejected_as_unreviewed (tests.hardening_h6.test_dsl_traceability.TraceabilityTests.test_extra_test_rejected_as_unreviewed) ... ok
test_forged_record_hash_rejected (tests.hardening_h6.test_dsl_traceability.TraceabilityTests.test_forged_record_hash_rejected) ... ok
test_missing_test_rejected (tests.hardening_h6.test_dsl_traceability.TraceabilityTests.test_missing_test_rejected) ... ok
test_modified_source_rejected (tests.hardening_h6.test_dsl_traceability.TraceabilityTests.test_modified_source_rejected) ... ok
test_omitted_archive_member_rejected (tests.hardening_h6.test_dsl_traceability.TraceabilityTests.test_omitted_archive_member_rejected) ... ok
test_parent_absolute_and_windows_paths_rejected (tests.hardening_h6.test_dsl_traceability.TraceabilityTests.test_parent_absolute_and_windows_paths_rejected) ... ok
test_product_acceptance_cannot_be_promoted (tests.hardening_h6.test_dsl_traceability.TraceabilityTests.test_product_acceptance_cannot_be_promoted) ... ok
test_relocated_test_cannot_hide_from_discovery (tests.hardening_h6.test_dsl_traceability.TraceabilityTests.test_relocated_test_cannot_hide_from_discovery) ... ok
test_adaptation_contract (tests.hardening_h6.test_legacy_canonical_contracts.GameIRTests.test_adaptation_contract) ... ok
test_bad_state_binding_fails (tests.hardening_h6.test_legacy_canonical_contracts.GameIRTests.test_bad_state_binding_fails) ... ok
test_challenge_requires_learning_target (tests.hardening_h6.test_legacy_canonical_contracts.GameIRTests.test_challenge_requires_learning_target) ... ok
test_challenge_requires_reason_trace (tests.hardening_h6.test_legacy_canonical_contracts.GameIRTests.test_challenge_requires_reason_trace) ... ok
test_game_document_requires_source_and_reasoning_trace (tests.hardening_h6.test_legacy_canonical_contracts.GameIRTests.test_game_document_requires_source_and_reasoning_trace) ... ok
test_invalid_mechanic_fails (tests.hardening_h6.test_legacy_canonical_contracts.GameIRTests.test_invalid_mechanic_fails) ... ok
test_keyword_independent_mechanic (tests.hardening_h6.test_legacy_canonical_contracts.GameIRTests.test_keyword_independent_mechanic) ... ok
test_multiple_domain_mechanics (tests.hardening_h6.test_legacy_canonical_contracts.GameIRTests.test_multiple_domain_mechanics) ... ok
test_rule_effect_target_fails (tests.hardening_h6.test_legacy_canonical_contracts.GameIRTests.test_rule_effect_target_fails) ... ok
test_valid_level (tests.hardening_h6.test_legacy_canonical_contracts.GameIRTests.test_valid_level) ... ok
test_boolean_cannot_masquerade_as_difficulty (tests.hardening_h6.test_legacy_migration.LegacyCodecTests.test_boolean_cannot_masquerade_as_difficulty) ... ok
test_deep_wire_rejected (tests.hardening_h6.test_legacy_migration.LegacyCodecTests.test_deep_wire_rejected) ... ok
test_duplicate_json_keys (tests.hardening_h6.test_legacy_migration.LegacyCodecTests.test_duplicate_json_keys) ... ok
test_legacy_never_implicitly_enters_v2_validation (tests.hardening_h6.test_legacy_migration.LegacyCodecTests.test_legacy_never_implicitly_enters_v2_validation) ... ok
test_lossless_normalized_roundtrip (tests.hardening_h6.test_legacy_migration.LegacyCodecTests.test_lossless_normalized_roundtrip) ... ok
test_nonfinite_nested_metadata_rejected (tests.hardening_h6.test_legacy_migration.LegacyCodecTests.test_nonfinite_nested_metadata_rejected) ... ok
test_original_contract_bytes_and_class_identity (tests.hardening_h6.test_legacy_migration.LegacyCodecTests.test_original_contract_bytes_and_class_identity) ... ok
test_oversized_wire_rejected (tests.hardening_h6.test_legacy_migration.LegacyCodecTests.test_oversized_wire_rejected) ... ok
test_unknown_field_is_not_silently_discarded (tests.hardening_h6.test_legacy_migration.LegacyCodecTests.test_unknown_field_is_not_silently_discarded) ... ok
test_unknown_version_rejected (tests.hardening_h6.test_legacy_migration.LegacyCodecTests.test_unknown_version_rejected) ... ok
test_caller_inputs_unchanged (tests.hardening_h6.test_legacy_migration.MigrationTests.test_caller_inputs_unchanged) ... ok
test_changed_review_binding_rejected (tests.hardening_h6.test_legacy_migration.MigrationTests.test_changed_review_binding_rejected) ... ok
test_entity_kind_cannot_silently_change (tests.hardening_h6.test_legacy_migration.MigrationTests.test_entity_kind_cannot_silently_change) ... ok
test_explicit_conversion_is_deterministic_and_retains_legacy (tests.hardening_h6.test_legacy_migration.MigrationTests.test_explicit_conversion_is_deterministic_and_retains_legacy) ... ok
test_expression_evidence_tamper_rejected (tests.hardening_h6.test_legacy_migration.MigrationTests.test_expression_evidence_tamper_rejected) ... ok
test_mechanic_cannot_be_guessed (tests.hardening_h6.test_legacy_migration.MigrationTests.test_mechanic_cannot_be_guessed) ... ok
test_missing_enrichment_rejected (tests.hardening_h6.test_legacy_migration.MigrationTests.test_missing_enrichment_rejected) ... ok
test_missing_expression_binding_rejected (tests.hardening_h6.test_legacy_migration.MigrationTests.test_missing_expression_binding_rejected) ... ok
test_missing_policy_rejected (tests.hardening_h6.test_legacy_migration.MigrationTests.test_missing_policy_rejected) ... ok
test_missing_source_provenance_rejected (tests.hardening_h6.test_legacy_migration.MigrationTests.test_missing_source_provenance_rejected) ... ok
test_stale_source_rejected (tests.hardening_h6.test_legacy_migration.MigrationTests.test_stale_source_rejected) ... ok
test_text_loss_rejected (tests.hardening_h6.test_legacy_migration.MigrationTests.test_text_loss_rejected) ... ok
test_unsupported_features_fail_closed (tests.hardening_h6.test_legacy_migration.MigrationTests.test_unsupported_features_fail_closed) ... ok
test_every_truncated_prefix_is_rejected (tests.hardening_h6.test_legacy_properties.LegacyPropertyTests.test_every_truncated_prefix_is_rejected) ... ok
test_invalid_unicode_is_rejected_as_contract_error (tests.hardening_h6.test_legacy_properties.LegacyPropertyTests.test_invalid_unicode_is_rejected_as_contract_error) ... ok
test_source_and_candidate_mutations_cannot_reuse_review (tests.hardening_h6.test_legacy_properties.LegacyPropertyTests.test_source_and_candidate_mutations_cannot_reuse_review) ... ok
test_unicode_nested_metadata_roundtrip_is_order_independent (tests.hardening_h6.test_legacy_properties.LegacyPropertyTests.test_unicode_nested_metadata_roundtrip_is_order_independent) ... ok
test_entrypoint_requires_real_vendor (tests.hardening_h6.test_react_vendor.VendorTests.test_entrypoint_requires_real_vendor) ... ok
test_forged_manifest_rejected_even_with_new_hashes (tests.hardening_h6.test_react_vendor.VendorTests.test_forged_manifest_rejected_even_with_new_hashes) ... ok
test_materialization_cannot_overwrite_existing_file (tests.hardening_h6.test_react_vendor.VendorTests.test_materialization_cannot_overwrite_existing_file) ... ok
test_materialized_bytes_match_pinned_source (tests.hardening_h6.test_react_vendor.VendorTests.test_materialized_bytes_match_pinned_source) ... ok
test_missing_license_rejected (tests.hardening_h6.test_react_vendor.VendorTests.test_missing_license_rejected) ... ok
test_modified_vendor_bytes_rejected (tests.hardening_h6.test_react_vendor.VendorTests.test_modified_vendor_bytes_rejected) ... ok
test_pinned_real_dependencies_and_license_inventory (tests.hardening_h6.test_react_vendor.VendorTests.test_pinned_real_dependencies_and_license_inventory) ... ok
test_untracked_vendor_payload_rejected (tests.hardening_h6.test_react_vendor.VendorTests.test_untracked_vendor_payload_rejected) ... ok

----------------------------------------------------------------------
Ran 56 tests in 15.147s

OK
