test_accessibility_and_motion_are_explicit (tests.mechanics_engine.test_bie_game_mech_001.MechanicTaskTests.test_accessibility_and_motion_are_explicit) ... ok
test_definition_is_deterministic (tests.mechanics_engine.test_bie_game_mech_001.MechanicTaskTests.test_definition_is_deterministic) ... ok
test_definition_valid_and_studio_grade (tests.mechanics_engine.test_bie_game_mech_001.MechanicTaskTests.test_definition_valid_and_studio_grade) ... ok
test_deterministic_execution (tests.mechanics_engine.test_bie_game_mech_001.MechanicTaskTests.test_deterministic_execution) ... ok
test_execution_changes_state_and_receipt_is_bound (tests.mechanics_engine.test_bie_game_mech_001.MechanicTaskTests.test_execution_changes_state_and_receipt_is_bound) ... ok
test_missing_provenance_fails_closed (tests.mechanics_engine.test_bie_game_mech_001.MechanicTaskTests.test_missing_provenance_fails_closed) ... ok
test_missing_runtime_fails_closed (tests.mechanics_engine.test_bie_game_mech_001.MechanicTaskTests.test_missing_runtime_fails_closed) ... ok
test_no_premature_answer_reveal_or_speed_pressure (tests.mechanics_engine.test_bie_game_mech_001.MechanicTaskTests.test_no_premature_answer_reveal_or_speed_pressure) ... ok
test_replay_verification (tests.mechanics_engine.test_bie_game_mech_001.MechanicTaskTests.test_replay_verification) ... ok
test_task_specific_invalid_cases_fail_closed (tests.mechanics_engine.test_bie_game_mech_001.MechanicTaskTests.test_task_specific_invalid_cases_fail_closed) ... ok
test_accessibility_and_motion_are_explicit (tests.mechanics_engine.test_bie_game_mech_002.MechanicTaskTests.test_accessibility_and_motion_are_explicit) ... ok
test_definition_is_deterministic (tests.mechanics_engine.test_bie_game_mech_002.MechanicTaskTests.test_definition_is_deterministic) ... ok
test_definition_valid_and_studio_grade (tests.mechanics_engine.test_bie_game_mech_002.MechanicTaskTests.test_definition_valid_and_studio_grade) ... ok
test_deterministic_execution (tests.mechanics_engine.test_bie_game_mech_002.MechanicTaskTests.test_deterministic_execution) ... ok
test_execution_changes_state_and_receipt_is_bound (tests.mechanics_engine.test_bie_game_mech_002.MechanicTaskTests.test_execution_changes_state_and_receipt_is_bound) ... ok
test_missing_provenance_fails_closed (tests.mechanics_engine.test_bie_game_mech_002.MechanicTaskTests.test_missing_provenance_fails_closed) ... ok
test_missing_runtime_fails_closed (tests.mechanics_engine.test_bie_game_mech_002.MechanicTaskTests.test_missing_runtime_fails_closed) ... ok
test_no_premature_answer_reveal_or_speed_pressure (tests.mechanics_engine.test_bie_game_mech_002.MechanicTaskTests.test_no_premature_answer_reveal_or_speed_pressure) ... ok
test_replay_verification (tests.mechanics_engine.test_bie_game_mech_002.MechanicTaskTests.test_replay_verification) ... ok
test_task_specific_invalid_cases_fail_closed (tests.mechanics_engine.test_bie_game_mech_002.MechanicTaskTests.test_task_specific_invalid_cases_fail_closed) ... ok
test_accessibility_and_motion_are_explicit (tests.mechanics_engine.test_bie_game_mech_003.MechanicTaskTests.test_accessibility_and_motion_are_explicit) ... ok
test_definition_is_deterministic (tests.mechanics_engine.test_bie_game_mech_003.MechanicTaskTests.test_definition_is_deterministic) ... ok
test_definition_valid_and_studio_grade (tests.mechanics_engine.test_bie_game_mech_003.MechanicTaskTests.test_definition_valid_and_studio_grade) ... ok
test_deterministic_execution (tests.mechanics_engine.test_bie_game_mech_003.MechanicTaskTests.test_deterministic_execution) ... ok
test_execution_changes_state_and_receipt_is_bound (tests.mechanics_engine.test_bie_game_mech_003.MechanicTaskTests.test_execution_changes_state_and_receipt_is_bound) ... ok
test_missing_provenance_fails_closed (tests.mechanics_engine.test_bie_game_mech_003.MechanicTaskTests.test_missing_provenance_fails_closed) ... ok
test_missing_runtime_fails_closed (tests.mechanics_engine.test_bie_game_mech_003.MechanicTaskTests.test_missing_runtime_fails_closed) ... ok
test_no_premature_answer_reveal_or_speed_pressure (tests.mechanics_engine.test_bie_game_mech_003.MechanicTaskTests.test_no_premature_answer_reveal_or_speed_pressure) ... ok
test_replay_verification (tests.mechanics_engine.test_bie_game_mech_003.MechanicTaskTests.test_replay_verification) ... ok
test_task_specific_invalid_cases_fail_closed (tests.mechanics_engine.test_bie_game_mech_003.MechanicTaskTests.test_task_specific_invalid_cases_fail_closed) ... ok
test_accessibility_and_motion_are_explicit (tests.mechanics_engine.test_bie_game_mech_004.MechanicTaskTests.test_accessibility_and_motion_are_explicit) ... ok
test_definition_is_deterministic (tests.mechanics_engine.test_bie_game_mech_004.MechanicTaskTests.test_definition_is_deterministic) ... ok
test_definition_valid_and_studio_grade (tests.mechanics_engine.test_bie_game_mech_004.MechanicTaskTests.test_definition_valid_and_studio_grade) ... ok
test_deterministic_execution (tests.mechanics_engine.test_bie_game_mech_004.MechanicTaskTests.test_deterministic_execution) ... ok
test_execution_changes_state_and_receipt_is_bound (tests.mechanics_engine.test_bie_game_mech_004.MechanicTaskTests.test_execution_changes_state_and_receipt_is_bound) ... ok
test_missing_provenance_fails_closed (tests.mechanics_engine.test_bie_game_mech_004.MechanicTaskTests.test_missing_provenance_fails_closed) ... ok
test_missing_runtime_fails_closed (tests.mechanics_engine.test_bie_game_mech_004.MechanicTaskTests.test_missing_runtime_fails_closed) ... ok
test_no_premature_answer_reveal_or_speed_pressure (tests.mechanics_engine.test_bie_game_mech_004.MechanicTaskTests.test_no_premature_answer_reveal_or_speed_pressure) ... ok
test_replay_verification (tests.mechanics_engine.test_bie_game_mech_004.MechanicTaskTests.test_replay_verification) ... ok
test_task_specific_invalid_cases_fail_closed (tests.mechanics_engine.test_bie_game_mech_004.MechanicTaskTests.test_task_specific_invalid_cases_fail_closed) ... ok
test_accessibility_and_motion_are_explicit (tests.mechanics_engine.test_bie_game_mech_005.MechanicTaskTests.test_accessibility_and_motion_are_explicit) ... ok
test_definition_is_deterministic (tests.mechanics_engine.test_bie_game_mech_005.MechanicTaskTests.test_definition_is_deterministic) ... ok
test_definition_valid_and_studio_grade (tests.mechanics_engine.test_bie_game_mech_005.MechanicTaskTests.test_definition_valid_and_studio_grade) ... ok
test_deterministic_execution (tests.mechanics_engine.test_bie_game_mech_005.MechanicTaskTests.test_deterministic_execution) ... ok
test_execution_changes_state_and_receipt_is_bound (tests.mechanics_engine.test_bie_game_mech_005.MechanicTaskTests.test_execution_changes_state_and_receipt_is_bound) ... ok
test_missing_provenance_fails_closed (tests.mechanics_engine.test_bie_game_mech_005.MechanicTaskTests.test_missing_provenance_fails_closed) ... ok
test_missing_runtime_fails_closed (tests.mechanics_engine.test_bie_game_mech_005.MechanicTaskTests.test_missing_runtime_fails_closed) ... ok
test_no_premature_answer_reveal_or_speed_pressure (tests.mechanics_engine.test_bie_game_mech_005.MechanicTaskTests.test_no_premature_answer_reveal_or_speed_pressure) ... ok
test_replay_verification (tests.mechanics_engine.test_bie_game_mech_005.MechanicTaskTests.test_replay_verification) ... ok
test_task_specific_invalid_cases_fail_closed (tests.mechanics_engine.test_bie_game_mech_005.MechanicTaskTests.test_task_specific_invalid_cases_fail_closed) ... ok
test_accessibility_and_motion_are_explicit (tests.mechanics_engine.test_bie_game_mech_006.MechanicTaskTests.test_accessibility_and_motion_are_explicit) ... ok
test_definition_is_deterministic (tests.mechanics_engine.test_bie_game_mech_006.MechanicTaskTests.test_definition_is_deterministic) ... ok
test_definition_valid_and_studio_grade (tests.mechanics_engine.test_bie_game_mech_006.MechanicTaskTests.test_definition_valid_and_studio_grade) ... ok
test_deterministic_execution (tests.mechanics_engine.test_bie_game_mech_006.MechanicTaskTests.test_deterministic_execution) ... ok
test_execution_changes_state_and_receipt_is_bound (tests.mechanics_engine.test_bie_game_mech_006.MechanicTaskTests.test_execution_changes_state_and_receipt_is_bound) ... ok
test_missing_provenance_fails_closed (tests.mechanics_engine.test_bie_game_mech_006.MechanicTaskTests.test_missing_provenance_fails_closed) ... ok
test_missing_runtime_fails_closed (tests.mechanics_engine.test_bie_game_mech_006.MechanicTaskTests.test_missing_runtime_fails_closed) ... ok
test_no_premature_answer_reveal_or_speed_pressure (tests.mechanics_engine.test_bie_game_mech_006.MechanicTaskTests.test_no_premature_answer_reveal_or_speed_pressure) ... ok
test_replay_verification (tests.mechanics_engine.test_bie_game_mech_006.MechanicTaskTests.test_replay_verification) ... ok
test_task_specific_invalid_cases_fail_closed (tests.mechanics_engine.test_bie_game_mech_006.MechanicTaskTests.test_task_specific_invalid_cases_fail_closed) ... ok
test_accessibility_and_motion_are_explicit (tests.mechanics_engine.test_bie_game_mech_007.MechanicTaskTests.test_accessibility_and_motion_are_explicit) ... ok
test_definition_is_deterministic (tests.mechanics_engine.test_bie_game_mech_007.MechanicTaskTests.test_definition_is_deterministic) ... ok
test_definition_valid_and_studio_grade (tests.mechanics_engine.test_bie_game_mech_007.MechanicTaskTests.test_definition_valid_and_studio_grade) ... ok
test_deterministic_execution (tests.mechanics_engine.test_bie_game_mech_007.MechanicTaskTests.test_deterministic_execution) ... ok
test_execution_changes_state_and_receipt_is_bound (tests.mechanics_engine.test_bie_game_mech_007.MechanicTaskTests.test_execution_changes_state_and_receipt_is_bound) ... ok
test_missing_provenance_fails_closed (tests.mechanics_engine.test_bie_game_mech_007.MechanicTaskTests.test_missing_provenance_fails_closed) ... ok
test_missing_runtime_fails_closed (tests.mechanics_engine.test_bie_game_mech_007.MechanicTaskTests.test_missing_runtime_fails_closed) ... ok
test_no_premature_answer_reveal_or_speed_pressure (tests.mechanics_engine.test_bie_game_mech_007.MechanicTaskTests.test_no_premature_answer_reveal_or_speed_pressure) ... ok
test_replay_verification (tests.mechanics_engine.test_bie_game_mech_007.MechanicTaskTests.test_replay_verification) ... ok
test_task_specific_invalid_cases_fail_closed (tests.mechanics_engine.test_bie_game_mech_007.MechanicTaskTests.test_task_specific_invalid_cases_fail_closed) ... ok
test_accessibility_and_motion_are_explicit (tests.mechanics_engine.test_bie_game_mech_008.MechanicTaskTests.test_accessibility_and_motion_are_explicit) ... ok
test_definition_is_deterministic (tests.mechanics_engine.test_bie_game_mech_008.MechanicTaskTests.test_definition_is_deterministic) ... ok
test_definition_valid_and_studio_grade (tests.mechanics_engine.test_bie_game_mech_008.MechanicTaskTests.test_definition_valid_and_studio_grade) ... ok
test_deterministic_execution (tests.mechanics_engine.test_bie_game_mech_008.MechanicTaskTests.test_deterministic_execution) ... ok
test_execution_changes_state_and_receipt_is_bound (tests.mechanics_engine.test_bie_game_mech_008.MechanicTaskTests.test_execution_changes_state_and_receipt_is_bound) ... ok
test_missing_provenance_fails_closed (tests.mechanics_engine.test_bie_game_mech_008.MechanicTaskTests.test_missing_provenance_fails_closed) ... ok
test_missing_runtime_fails_closed (tests.mechanics_engine.test_bie_game_mech_008.MechanicTaskTests.test_missing_runtime_fails_closed) ... ok
test_no_premature_answer_reveal_or_speed_pressure (tests.mechanics_engine.test_bie_game_mech_008.MechanicTaskTests.test_no_premature_answer_reveal_or_speed_pressure) ... ok
test_replay_verification (tests.mechanics_engine.test_bie_game_mech_008.MechanicTaskTests.test_replay_verification) ... ok
test_task_specific_invalid_cases_fail_closed (tests.mechanics_engine.test_bie_game_mech_008.MechanicTaskTests.test_task_specific_invalid_cases_fail_closed) ... ok
test_accessibility_and_motion_are_explicit (tests.mechanics_engine.test_bie_game_mech_009.MechanicTaskTests.test_accessibility_and_motion_are_explicit) ... ok
test_definition_is_deterministic (tests.mechanics_engine.test_bie_game_mech_009.MechanicTaskTests.test_definition_is_deterministic) ... ok
test_definition_valid_and_studio_grade (tests.mechanics_engine.test_bie_game_mech_009.MechanicTaskTests.test_definition_valid_and_studio_grade) ... ok
test_deterministic_execution (tests.mechanics_engine.test_bie_game_mech_009.MechanicTaskTests.test_deterministic_execution) ... ok
test_execution_changes_state_and_receipt_is_bound (tests.mechanics_engine.test_bie_game_mech_009.MechanicTaskTests.test_execution_changes_state_and_receipt_is_bound) ... ok
test_missing_provenance_fails_closed (tests.mechanics_engine.test_bie_game_mech_009.MechanicTaskTests.test_missing_provenance_fails_closed) ... ok
test_missing_runtime_fails_closed (tests.mechanics_engine.test_bie_game_mech_009.MechanicTaskTests.test_missing_runtime_fails_closed) ... ok
test_no_premature_answer_reveal_or_speed_pressure (tests.mechanics_engine.test_bie_game_mech_009.MechanicTaskTests.test_no_premature_answer_reveal_or_speed_pressure) ... ok
test_replay_verification (tests.mechanics_engine.test_bie_game_mech_009.MechanicTaskTests.test_replay_verification) ... ok
test_task_specific_invalid_cases_fail_closed (tests.mechanics_engine.test_bie_game_mech_009.MechanicTaskTests.test_task_specific_invalid_cases_fail_closed) ... ok
test_accessibility_and_motion_are_explicit (tests.mechanics_engine.test_bie_game_mech_010.MechanicTaskTests.test_accessibility_and_motion_are_explicit) ... ok
test_definition_is_deterministic (tests.mechanics_engine.test_bie_game_mech_010.MechanicTaskTests.test_definition_is_deterministic) ... ok
test_definition_valid_and_studio_grade (tests.mechanics_engine.test_bie_game_mech_010.MechanicTaskTests.test_definition_valid_and_studio_grade) ... ok
test_deterministic_execution (tests.mechanics_engine.test_bie_game_mech_010.MechanicTaskTests.test_deterministic_execution) ... ok
test_execution_changes_state_and_receipt_is_bound (tests.mechanics_engine.test_bie_game_mech_010.MechanicTaskTests.test_execution_changes_state_and_receipt_is_bound) ... ok
test_missing_provenance_fails_closed (tests.mechanics_engine.test_bie_game_mech_010.MechanicTaskTests.test_missing_provenance_fails_closed) ... ok
test_missing_runtime_fails_closed (tests.mechanics_engine.test_bie_game_mech_010.MechanicTaskTests.test_missing_runtime_fails_closed) ... ok
test_no_premature_answer_reveal_or_speed_pressure (tests.mechanics_engine.test_bie_game_mech_010.MechanicTaskTests.test_no_premature_answer_reveal_or_speed_pressure) ... ok
test_replay_verification (tests.mechanics_engine.test_bie_game_mech_010.MechanicTaskTests.test_replay_verification) ... ok
test_task_specific_invalid_cases_fail_closed (tests.mechanics_engine.test_bie_game_mech_010.MechanicTaskTests.test_task_specific_invalid_cases_fail_closed) ... ok
test_accessibility_and_motion_are_explicit (tests.mechanics_engine.test_bie_game_mech_011.MechanicTaskTests.test_accessibility_and_motion_are_explicit) ... ok
test_definition_is_deterministic (tests.mechanics_engine.test_bie_game_mech_011.MechanicTaskTests.test_definition_is_deterministic) ... ok
test_definition_valid_and_studio_grade (tests.mechanics_engine.test_bie_game_mech_011.MechanicTaskTests.test_definition_valid_and_studio_grade) ... ok
test_deterministic_execution (tests.mechanics_engine.test_bie_game_mech_011.MechanicTaskTests.test_deterministic_execution) ... ok
test_execution_changes_state_and_receipt_is_bound (tests.mechanics_engine.test_bie_game_mech_011.MechanicTaskTests.test_execution_changes_state_and_receipt_is_bound) ... ok
test_missing_provenance_fails_closed (tests.mechanics_engine.test_bie_game_mech_011.MechanicTaskTests.test_missing_provenance_fails_closed) ... ok
test_missing_runtime_fails_closed (tests.mechanics_engine.test_bie_game_mech_011.MechanicTaskTests.test_missing_runtime_fails_closed) ... ok
test_no_premature_answer_reveal_or_speed_pressure (tests.mechanics_engine.test_bie_game_mech_011.MechanicTaskTests.test_no_premature_answer_reveal_or_speed_pressure) ... ok
test_replay_verification (tests.mechanics_engine.test_bie_game_mech_011.MechanicTaskTests.test_replay_verification) ... ok
test_task_specific_invalid_cases_fail_closed (tests.mechanics_engine.test_bie_game_mech_011.MechanicTaskTests.test_task_specific_invalid_cases_fail_closed) ... ok
test_accessibility_and_motion_are_explicit (tests.mechanics_engine.test_bie_game_mech_012.MechanicTaskTests.test_accessibility_and_motion_are_explicit) ... ok
test_definition_is_deterministic (tests.mechanics_engine.test_bie_game_mech_012.MechanicTaskTests.test_definition_is_deterministic) ... ok
test_definition_valid_and_studio_grade (tests.mechanics_engine.test_bie_game_mech_012.MechanicTaskTests.test_definition_valid_and_studio_grade) ... ok
test_deterministic_execution (tests.mechanics_engine.test_bie_game_mech_012.MechanicTaskTests.test_deterministic_execution) ... ok
test_execution_changes_state_and_receipt_is_bound (tests.mechanics_engine.test_bie_game_mech_012.MechanicTaskTests.test_execution_changes_state_and_receipt_is_bound) ... ok
test_missing_provenance_fails_closed (tests.mechanics_engine.test_bie_game_mech_012.MechanicTaskTests.test_missing_provenance_fails_closed) ... ok
test_missing_runtime_fails_closed (tests.mechanics_engine.test_bie_game_mech_012.MechanicTaskTests.test_missing_runtime_fails_closed) ... ok
test_no_premature_answer_reveal_or_speed_pressure (tests.mechanics_engine.test_bie_game_mech_012.MechanicTaskTests.test_no_premature_answer_reveal_or_speed_pressure) ... ok
test_replay_verification (tests.mechanics_engine.test_bie_game_mech_012.MechanicTaskTests.test_replay_verification) ... ok
test_task_specific_invalid_cases_fail_closed (tests.mechanics_engine.test_bie_game_mech_012.MechanicTaskTests.test_task_specific_invalid_cases_fail_closed) ... ok
test_accessibility_and_motion_are_explicit (tests.mechanics_engine.test_bie_game_mech_013.MechanicTaskTests.test_accessibility_and_motion_are_explicit) ... ok
test_definition_is_deterministic (tests.mechanics_engine.test_bie_game_mech_013.MechanicTaskTests.test_definition_is_deterministic) ... ok
test_definition_valid_and_studio_grade (tests.mechanics_engine.test_bie_game_mech_013.MechanicTaskTests.test_definition_valid_and_studio_grade) ... ok
test_deterministic_execution (tests.mechanics_engine.test_bie_game_mech_013.MechanicTaskTests.test_deterministic_execution) ... ok
test_execution_changes_state_and_receipt_is_bound (tests.mechanics_engine.test_bie_game_mech_013.MechanicTaskTests.test_execution_changes_state_and_receipt_is_bound) ... ok
test_missing_provenance_fails_closed (tests.mechanics_engine.test_bie_game_mech_013.MechanicTaskTests.test_missing_provenance_fails_closed) ... ok
test_missing_runtime_fails_closed (tests.mechanics_engine.test_bie_game_mech_013.MechanicTaskTests.test_missing_runtime_fails_closed) ... ok
test_no_premature_answer_reveal_or_speed_pressure (tests.mechanics_engine.test_bie_game_mech_013.MechanicTaskTests.test_no_premature_answer_reveal_or_speed_pressure) ... ok
test_replay_verification (tests.mechanics_engine.test_bie_game_mech_013.MechanicTaskTests.test_replay_verification) ... ok
test_task_specific_invalid_cases_fail_closed (tests.mechanics_engine.test_bie_game_mech_013.MechanicTaskTests.test_task_specific_invalid_cases_fail_closed) ... ok
test_accessibility_and_motion_are_explicit (tests.mechanics_engine.test_bie_game_mech_014.MechanicTaskTests.test_accessibility_and_motion_are_explicit) ... ok
test_definition_is_deterministic (tests.mechanics_engine.test_bie_game_mech_014.MechanicTaskTests.test_definition_is_deterministic) ... ok
test_definition_valid_and_studio_grade (tests.mechanics_engine.test_bie_game_mech_014.MechanicTaskTests.test_definition_valid_and_studio_grade) ... ok
test_deterministic_execution (tests.mechanics_engine.test_bie_game_mech_014.MechanicTaskTests.test_deterministic_execution) ... ok
test_execution_changes_state_and_receipt_is_bound (tests.mechanics_engine.test_bie_game_mech_014.MechanicTaskTests.test_execution_changes_state_and_receipt_is_bound) ... ok
test_missing_provenance_fails_closed (tests.mechanics_engine.test_bie_game_mech_014.MechanicTaskTests.test_missing_provenance_fails_closed) ... ok
test_missing_runtime_fails_closed (tests.mechanics_engine.test_bie_game_mech_014.MechanicTaskTests.test_missing_runtime_fails_closed) ... ok
test_no_premature_answer_reveal_or_speed_pressure (tests.mechanics_engine.test_bie_game_mech_014.MechanicTaskTests.test_no_premature_answer_reveal_or_speed_pressure) ... ok
test_replay_verification (tests.mechanics_engine.test_bie_game_mech_014.MechanicTaskTests.test_replay_verification) ... ok
test_task_specific_invalid_cases_fail_closed (tests.mechanics_engine.test_bie_game_mech_014.MechanicTaskTests.test_task_specific_invalid_cases_fail_closed) ... ok
test_accessibility_and_motion_are_explicit (tests.mechanics_engine.test_bie_game_mech_015.MechanicTaskTests.test_accessibility_and_motion_are_explicit) ... ok
test_definition_is_deterministic (tests.mechanics_engine.test_bie_game_mech_015.MechanicTaskTests.test_definition_is_deterministic) ... ok
test_definition_valid_and_studio_grade (tests.mechanics_engine.test_bie_game_mech_015.MechanicTaskTests.test_definition_valid_and_studio_grade) ... ok
test_deterministic_execution (tests.mechanics_engine.test_bie_game_mech_015.MechanicTaskTests.test_deterministic_execution) ... ok
test_execution_changes_state_and_receipt_is_bound (tests.mechanics_engine.test_bie_game_mech_015.MechanicTaskTests.test_execution_changes_state_and_receipt_is_bound) ... ok
test_missing_provenance_fails_closed (tests.mechanics_engine.test_bie_game_mech_015.MechanicTaskTests.test_missing_provenance_fails_closed) ... ok
test_missing_runtime_fails_closed (tests.mechanics_engine.test_bie_game_mech_015.MechanicTaskTests.test_missing_runtime_fails_closed) ... ok
test_no_premature_answer_reveal_or_speed_pressure (tests.mechanics_engine.test_bie_game_mech_015.MechanicTaskTests.test_no_premature_answer_reveal_or_speed_pressure) ... ok
test_replay_verification (tests.mechanics_engine.test_bie_game_mech_015.MechanicTaskTests.test_replay_verification) ... ok
test_task_specific_invalid_cases_fail_closed (tests.mechanics_engine.test_bie_game_mech_015.MechanicTaskTests.test_task_specific_invalid_cases_fail_closed) ... ok
test_accessibility_and_motion_are_explicit (tests.mechanics_engine.test_bie_game_mech_016.MechanicTaskTests.test_accessibility_and_motion_are_explicit) ... ok
test_definition_is_deterministic (tests.mechanics_engine.test_bie_game_mech_016.MechanicTaskTests.test_definition_is_deterministic) ... ok
test_definition_valid_and_studio_grade (tests.mechanics_engine.test_bie_game_mech_016.MechanicTaskTests.test_definition_valid_and_studio_grade) ... ok
test_deterministic_execution (tests.mechanics_engine.test_bie_game_mech_016.MechanicTaskTests.test_deterministic_execution) ... ok
test_execution_changes_state_and_receipt_is_bound (tests.mechanics_engine.test_bie_game_mech_016.MechanicTaskTests.test_execution_changes_state_and_receipt_is_bound) ... ok
test_missing_provenance_fails_closed (tests.mechanics_engine.test_bie_game_mech_016.MechanicTaskTests.test_missing_provenance_fails_closed) ... ok
test_missing_runtime_fails_closed (tests.mechanics_engine.test_bie_game_mech_016.MechanicTaskTests.test_missing_runtime_fails_closed) ... ok
test_no_premature_answer_reveal_or_speed_pressure (tests.mechanics_engine.test_bie_game_mech_016.MechanicTaskTests.test_no_premature_answer_reveal_or_speed_pressure) ... ok
test_replay_verification (tests.mechanics_engine.test_bie_game_mech_016.MechanicTaskTests.test_replay_verification) ... ok
test_task_specific_invalid_cases_fail_closed (tests.mechanics_engine.test_bie_game_mech_016.MechanicTaskTests.test_task_specific_invalid_cases_fail_closed) ... ok
test_accessibility_and_motion_are_explicit (tests.mechanics_engine.test_bie_game_mech_017.MechanicTaskTests.test_accessibility_and_motion_are_explicit) ... ok
test_definition_is_deterministic (tests.mechanics_engine.test_bie_game_mech_017.MechanicTaskTests.test_definition_is_deterministic) ... ok
test_definition_valid_and_studio_grade (tests.mechanics_engine.test_bie_game_mech_017.MechanicTaskTests.test_definition_valid_and_studio_grade) ... ok
test_deterministic_execution (tests.mechanics_engine.test_bie_game_mech_017.MechanicTaskTests.test_deterministic_execution) ... ok
test_execution_changes_state_and_receipt_is_bound (tests.mechanics_engine.test_bie_game_mech_017.MechanicTaskTests.test_execution_changes_state_and_receipt_is_bound) ... ok
test_missing_provenance_fails_closed (tests.mechanics_engine.test_bie_game_mech_017.MechanicTaskTests.test_missing_provenance_fails_closed) ... ok
test_missing_runtime_fails_closed (tests.mechanics_engine.test_bie_game_mech_017.MechanicTaskTests.test_missing_runtime_fails_closed) ... ok
test_no_premature_answer_reveal_or_speed_pressure (tests.mechanics_engine.test_bie_game_mech_017.MechanicTaskTests.test_no_premature_answer_reveal_or_speed_pressure) ... ok
test_replay_verification (tests.mechanics_engine.test_bie_game_mech_017.MechanicTaskTests.test_replay_verification) ... ok
test_task_specific_invalid_cases_fail_closed (tests.mechanics_engine.test_bie_game_mech_017.MechanicTaskTests.test_task_specific_invalid_cases_fail_closed) ... ok
test_bad_location_fails (tests.mechanics_engine.test_input_contracts.InputContractTests.test_bad_location_fails) ... ok
test_classification_item (tests.mechanics_engine.test_input_contracts.InputContractTests.test_classification_item) ... ok
test_diagnostic_step (tests.mechanics_engine.test_input_contracts.InputContractTests.test_diagnostic_step) ... ok
test_model_part (tests.mechanics_engine.test_input_contracts.InputContractTests.test_model_part) ... ok
test_retrieval_item (tests.mechanics_engine.test_input_contracts.InputContractTests.test_retrieval_item) ... ok
test_simulation_model (tests.mechanics_engine.test_input_contracts.InputContractTests.test_simulation_model) ... ok
test_sourced_location (tests.mechanics_engine.test_input_contracts.InputContractTests.test_sourced_location) ... ok
test_timeline_event (tests.mechanics_engine.test_input_contracts.InputContractTests.test_timeline_event) ... ok
test_all_17_kinds_have_dispatch (tests.mechanics_engine.test_mechanics_architecture.ArchitectureTests.test_all_17_kinds_have_dispatch) ... ok
test_all_definitions_studio_policy (tests.mechanics_engine.test_mechanics_architecture.ArchitectureTests.test_all_definitions_studio_policy) ... ok
test_dynamic_actions_keyboard_parity (tests.mechanics_engine.test_mechanics_architecture.ArchitectureTests.test_dynamic_actions_keyboard_parity) ... ok
test_no_dynamic_eval_exec_compile_import (tests.mechanics_engine.test_mechanics_architecture.ArchitectureTests.test_no_dynamic_eval_exec_compile_import) ... ok
test_product_acceptance_false_everywhere (tests.mechanics_engine.test_mechanics_architecture.ArchitectureTests.test_product_acceptance_false_everywhere) ... ok
test_action_changes_receipt (tests.mechanics_engine.test_mechanics_receipts.ReceiptTests.test_action_changes_receipt) ... ok
test_same_action_same_receipt (tests.mechanics_engine.test_mechanics_receipts.ReceiptTests.test_same_action_same_receipt) ... ok
test_reset_is_deterministic_and_scoped (tests.mechanics_engine.test_reset.ResetTests.test_reset_is_deterministic_and_scoped) ... ok
test_reset_noop_rejected (tests.mechanics_engine.test_reset.ResetTests.test_reset_noop_rejected) ... ok
test_answer_available_only_after_submission (tests.mechanics_engine.test_retrieval_answer_safety.RetrievalSafety.test_answer_available_only_after_submission) ... ok
test_answer_hidden_before_submission (tests.mechanics_engine.test_retrieval_answer_safety.RetrievalSafety.test_answer_hidden_before_submission) ... ok
test_event_is_causally_bound_to_receipt (tests.mechanics_engine.test_semantic_events.SemanticEventTests.test_event_is_causally_bound_to_receipt) ... ok
test_mismatched_mechanic_rejected (tests.mechanics_engine.test_semantic_events.SemanticEventTests.test_mismatched_mechanic_rejected) ... ok
test_noop_rejected (tests.mechanics_engine.test_state_bridge.StateBridgeTests.test_noop_rejected) ... ok
test_parameter_outcome_projects_typed_patch_without_applying (tests.mechanics_engine.test_state_bridge.StateBridgeTests.test_parameter_outcome_projects_typed_patch_without_applying) ... ok
test_range_violation_rejected_by_state_engine_schema (tests.mechanics_engine.test_state_bridge.StateBridgeTests.test_range_violation_rejected_by_state_engine_schema) ... ok
test_readonly_binding_rejected_on_change (tests.mechanics_engine.test_state_bridge.StateBridgeTests.test_readonly_binding_rejected_on_change) ... ok
test_stale_local_state_rejected (tests.mechanics_engine.test_state_bridge.StateBridgeTests.test_stale_local_state_rejected) ... ok

----------------------------------------------------------------------
Ran 196 tests in 0.369s

OK
