test_bool_operator_requires_bool (tests.state_engine.test_expression_runtime.ExpressionRuntimeTests.test_bool_operator_requires_bool) ... ok
test_boolean (tests.state_engine.test_expression_runtime.ExpressionRuntimeTests.test_boolean) ... ok
test_div_zero (tests.state_engine.test_expression_runtime.ExpressionRuntimeTests.test_div_zero) ... ok
test_integer_compare (tests.state_engine.test_expression_runtime.ExpressionRuntimeTests.test_integer_compare) ... ok
test_not (tests.state_engine.test_expression_runtime.ExpressionRuntimeTests.test_not) ... ok
test_numeric_add (tests.state_engine.test_expression_runtime.ExpressionRuntimeTests.test_numeric_add) ... ok
test_numeric_operator_rejects_string (tests.state_engine.test_expression_runtime.ExpressionRuntimeTests.test_numeric_operator_rejects_string) ... ok
test_string_equality (tests.state_engine.test_expression_runtime.ExpressionRuntimeTests.test_string_equality) ... ok
test_unknown_variable (tests.state_engine.test_expression_runtime.ExpressionRuntimeTests.test_unknown_variable) ... ok
test_chain_break_rejected (tests.state_engine.test_replay_invariants.ReplayInvariantTests.test_chain_break_rejected) ... ok
test_duplicate_command_rejected (tests.state_engine.test_replay_invariants.ReplayInvariantTests.test_duplicate_command_rejected) ... ok
test_final_mismatch_rejected (tests.state_engine.test_replay_invariants.ReplayInvariantTests.test_final_mismatch_rejected) ... ok
test_invariant_failure (tests.state_engine.test_replay_invariants.ReplayInvariantTests.test_invariant_failure) ... ok
test_invariant_passes (tests.state_engine.test_replay_invariants.ReplayInvariantTests.test_invariant_passes) ... ok
test_replay_product_acceptance_false (tests.state_engine.test_replay_invariants.ReplayInvariantTests.test_replay_product_acceptance_false) ... ok
test_replay_single_transition (tests.state_engine.test_replay_invariants.ReplayInvariantTests.test_replay_single_transition) ... ok
test_boolean_not_accepted_as_number (tests.state_engine.test_state_001_state_variables.StateVariableModelTests.test_boolean_not_accepted_as_number) ... ok
test_compile_schema (tests.state_engine.test_state_001_state_variables.StateVariableModelTests.test_compile_schema) ... ok
test_enum_membership (tests.state_engine.test_state_001_state_variables.StateVariableModelTests.test_enum_membership) ... ok
test_extra_value_fails (tests.state_engine.test_state_001_state_variables.StateVariableModelTests.test_extra_value_fails) ... ok
test_initial_snapshot_is_sorted_and_immutable (tests.state_engine.test_state_001_state_variables.StateVariableModelTests.test_initial_snapshot_is_sorted_and_immutable) ... ok
test_integer_type_preserved (tests.state_engine.test_state_001_state_variables.StateVariableModelTests.test_integer_type_preserved) ... ok
test_missing_value_fails (tests.state_engine.test_state_001_state_variables.StateVariableModelTests.test_missing_value_fails) ... ok
test_numeric_bounds_enforced (tests.state_engine.test_state_001_state_variables.StateVariableModelTests.test_numeric_bounds_enforced) ... ok
test_parent_and_receipt_are_bound (tests.state_engine.test_state_001_state_variables.StateVariableModelTests.test_parent_and_receipt_are_bound) ... ok
test_product_acceptance_false (tests.state_engine.test_state_001_state_variables.StateVariableModelTests.test_product_acceptance_false) ... ok
test_schema_fingerprint_changes_with_schema (tests.state_engine.test_state_001_state_variables.StateVariableModelTests.test_schema_fingerprint_changes_with_schema) ... ok
test_snapshot_deterministic (tests.state_engine.test_state_001_state_variables.StateVariableModelTests.test_snapshot_deterministic) ... ok
test_accessibility_survives_compile (tests.state_engine.test_state_002_manipulables.ManipulableTests.test_accessibility_survives_compile) ... ok
test_compile_actions (tests.state_engine.test_state_002_manipulables.ManipulableTests.test_compile_actions) ... ok
test_coordinate_type (tests.state_engine.test_state_002_manipulables.ManipulableTests.test_coordinate_type) ... ok
test_drag_payload_normalized (tests.state_engine.test_state_002_manipulables.ManipulableTests.test_drag_payload_normalized) ... ok
test_drag_requires_xy (tests.state_engine.test_state_002_manipulables.ManipulableTests.test_drag_requires_xy) ... ok
test_duplicate_payload_key_fails (tests.state_engine.test_state_002_manipulables.ManipulableTests.test_duplicate_payload_key_fails) ... ok
test_expected_snapshot_id_validated (tests.state_engine.test_state_002_manipulables.ManipulableTests.test_expected_snapshot_id_validated) ... ok
test_negative_sequence_fails (tests.state_engine.test_state_002_manipulables.ManipulableTests.test_negative_sequence_fails) ... ok
test_product_acceptance_false (tests.state_engine.test_state_002_manipulables.ManipulableTests.test_product_acceptance_false) ... ok
test_unknown_action_fails (tests.state_engine.test_state_002_manipulables.ManipulableTests.test_unknown_action_fails) ... ok
test_visual_target_must_exist (tests.state_engine.test_state_002_manipulables.ManipulableTests.test_visual_target_must_exist) ... ok
test_compile_rule_program (tests.state_engine.test_state_003_rules.RuleProgramTests.test_compile_rule_program) ... ok
test_conflicting_priority_tie_fails (tests.state_engine.test_state_003_rules.RuleProgramTests.test_conflicting_priority_tie_fails) ... ok
test_disjoint_priority_tie_allowed (tests.state_engine.test_state_003_rules.RuleProgramTests.test_disjoint_priority_tie_allowed) ... ok
test_eligible_initial_rule (tests.state_engine.test_state_003_rules.RuleProgramTests.test_eligible_initial_rule) ... ok
test_grounding_preserved (tests.state_engine.test_state_003_rules.RuleProgramTests.test_grounding_preserved) ... ok
test_product_acceptance_false (tests.state_engine.test_state_003_rules.RuleProgramTests.test_product_acceptance_false) ... ok
test_program_deterministic (tests.state_engine.test_state_003_rules.RuleProgramTests.test_program_deterministic) ... ok
test_rule_not_eligible_after_target (tests.state_engine.test_state_003_rules.RuleProgramTests.test_rule_not_eligible_after_target) ... ok
test_stable_priority_order (tests.state_engine.test_state_003_rules.RuleProgramTests.test_stable_priority_order) ... ok
test_unknown_variable_rejected_by_level_contract (tests.state_engine.test_state_003_rules.RuleProgramTests.test_unknown_variable_rejected_by_level_contract) ... ok
test_add (tests.state_engine.test_state_004_effects.EffectTests.test_add) ... ok
test_bounds_enforced (tests.state_engine.test_state_004_effects.EffectTests.test_bounds_enforced) ... ok
test_delta_records_before_after (tests.state_engine.test_state_004_effects.EffectTests.test_delta_records_before_after) ... ok
test_div (tests.state_engine.test_state_004_effects.EffectTests.test_div) ... ok
test_div_zero (tests.state_engine.test_state_004_effects.EffectTests.test_div_zero) ... ok
test_input_not_mutated (tests.state_engine.test_state_004_effects.EffectTests.test_input_not_mutated) ... ok
test_integer_preservation (tests.state_engine.test_state_004_effects.EffectTests.test_integer_preservation) ... ok
test_mul (tests.state_engine.test_state_004_effects.EffectTests.test_mul) ... ok
test_multiple_effects_ordered (tests.state_engine.test_state_004_effects.EffectTests.test_multiple_effects_ordered) ... ok
test_noop_delta_rejected (tests.state_engine.test_state_004_effects.EffectTests.test_noop_delta_rejected) ... ok
test_set (tests.state_engine.test_state_004_effects.EffectTests.test_set) ... ok
test_sub (tests.state_engine.test_state_004_effects.EffectTests.test_sub) ... ok
test_toggle_bool (tests.state_engine.test_state_004_effects.EffectTests.test_toggle_bool) ... ok
test_toggle_requires_bool (tests.state_engine.test_state_004_effects.EffectTests.test_toggle_requires_bool) ... ok
test_attempt_increments (tests.state_engine.test_state_005_challenge_state.ChallengeStateTests.test_attempt_increments) ... ok
test_deterministic (tests.state_engine.test_state_005_challenge_state.ChallengeStateTests.test_deterministic) ... ok
test_finish_failure (tests.state_engine.test_state_005_challenge_state.ChallengeStateTests.test_finish_failure) ... ok
test_finish_success (tests.state_engine.test_state_005_challenge_state.ChallengeStateTests.test_finish_success) ... ok
test_hint_increments (tests.state_engine.test_state_005_challenge_state.ChallengeStateTests.test_hint_increments) ... ok
test_history_fingerprint_changes (tests.state_engine.test_state_005_challenge_state.ChallengeStateTests.test_history_fingerprint_changes) ... ok
test_locked_cannot_start (tests.state_engine.test_state_005_challenge_state.ChallengeStateTests.test_locked_cannot_start) ... ok
test_new_locked (tests.state_engine.test_state_005_challenge_state.ChallengeStateTests.test_new_locked) ... ok
test_new_ready (tests.state_engine.test_state_005_challenge_state.ChallengeStateTests.test_new_ready) ... ok
test_product_acceptance_false (tests.state_engine.test_state_005_challenge_state.ChallengeStateTests.test_product_acceptance_false) ... ok
test_start (tests.state_engine.test_state_005_challenge_state.ChallengeStateTests.test_start) ... ok
test_terminal_attempt_rejected (tests.state_engine.test_state_005_challenge_state.ChallengeStateTests.test_terminal_attempt_rejected) ... ok
test_deterministic (tests.state_engine.test_state_006_success_conditions.SuccessConditionTests.test_deterministic) ... ok
test_initial_not_success (tests.state_engine.test_state_006_success_conditions.SuccessConditionTests.test_initial_not_success) ... ok
test_product_acceptance_false (tests.state_engine.test_state_006_success_conditions.SuccessConditionTests.test_product_acceptance_false) ... ok
test_success_evaluation_receipt (tests.state_engine.test_state_006_success_conditions.SuccessConditionTests.test_success_evaluation_receipt) ... ok
test_success_failure_conflict_fails (tests.state_engine.test_state_006_success_conditions.SuccessConditionTests.test_success_failure_conflict_fails) ... ok
test_target_success (tests.state_engine.test_state_006_success_conditions.SuccessConditionTests.test_target_success) ... ok
test_attempt_limit_fails (tests.state_engine.test_state_007_failure_conditions.FailureConditionTests.test_attempt_limit_fails) ... ok
test_deterministic (tests.state_engine.test_state_007_failure_conditions.FailureConditionTests.test_deterministic) ... ok
test_failure_index_recorded (tests.state_engine.test_state_007_failure_conditions.FailureConditionTests.test_failure_index_recorded) ... ok
test_failure_without_success (tests.state_engine.test_state_007_failure_conditions.FailureConditionTests.test_failure_without_success) ... ok
test_initial_not_failed (tests.state_engine.test_state_007_failure_conditions.FailureConditionTests.test_initial_not_failed) ... ok
test_success_state_not_failed (tests.state_engine.test_state_007_failure_conditions.FailureConditionTests.test_success_state_not_failed) ... ok
test_budget_enforced (tests.state_engine.test_state_008_reachability.ReachabilityTests.test_budget_enforced) ... ok
test_cycle_reported (tests.state_engine.test_state_008_reachability.ReachabilityTests.test_cycle_reported) ... ok
test_dead_end_detected (tests.state_engine.test_state_008_reachability.ReachabilityTests.test_dead_end_detected) ... ok
test_duplicate_node_fails (tests.state_engine.test_state_008_reachability.ReachabilityTests.test_duplicate_node_fails) ... ok
test_missing_node_edge_fails (tests.state_engine.test_state_008_reachability.ReachabilityTests.test_missing_node_edge_fails) ... ok
test_order_deterministic (tests.state_engine.test_state_008_reachability.ReachabilityTests.test_order_deterministic) ... ok
test_product_acceptance_false (tests.state_engine.test_state_008_reachability.ReachabilityTests.test_product_acceptance_false) ... ok
test_query_requires_known_start (tests.state_engine.test_state_008_reachability.ReachabilityTests.test_query_requires_known_start) ... ok
test_query_requires_target (tests.state_engine.test_state_008_reachability.ReachabilityTests.test_query_requires_target) ... ok
test_reachable_path (tests.state_engine.test_state_008_reachability.ReachabilityTests.test_reachable_path) ... ok
test_terminal_not_dead_end (tests.state_engine.test_state_008_reachability.ReachabilityTests.test_terminal_not_dead_end) ... ok
test_unreachable_target (tests.state_engine.test_state_008_reachability.ReachabilityTests.test_unreachable_target) ... ok
test_cross_cutting_modules_exist (tests.state_engine.test_state_architecture_security.StateArchitectureSecurityTests.test_cross_cutting_modules_exist) ... ok
test_no_eval_exec_compile_import_calls (tests.state_engine.test_state_architecture_security.StateArchitectureSecurityTests.test_no_eval_exec_compile_import_calls) ... ok
test_task_modules_exist (tests.state_engine.test_state_architecture_security.StateArchitectureSecurityTests.test_task_modules_exist) ... ok
test_before_snapshot_not_mutated (tests.state_engine.test_transition_engine.TransitionEngineTests.test_before_snapshot_not_mutated) ... ok
test_deterministic_transition (tests.state_engine.test_transition_engine.TransitionEngineTests.test_deterministic_transition) ... ok
test_eligible_rule_disappears_after_transition (tests.state_engine.test_transition_engine.TransitionEngineTests.test_eligible_rule_disappears_after_transition) ... ok
test_ineligible_rule_rejected (tests.state_engine.test_transition_engine.TransitionEngineTests.test_ineligible_rule_rejected) ... ok
test_real_transition (tests.state_engine.test_transition_engine.TransitionEngineTests.test_real_transition) ... ok
test_receipt_before_after_ids (tests.state_engine.test_transition_engine.TransitionEngineTests.test_receipt_before_after_ids) ... ok
test_receipt_bound_to_after_snapshot (tests.state_engine.test_transition_engine.TransitionEngineTests.test_receipt_bound_to_after_snapshot) ... ok
test_stale_command_rejected (tests.state_engine.test_transition_engine.TransitionEngineTests.test_stale_command_rejected) ... ok
test_unknown_rule_rejected (tests.state_engine.test_transition_engine.TransitionEngineTests.test_unknown_rule_rejected) ... ok

----------------------------------------------------------------------
Ran 111 tests in 0.170s

OK
