test_deep_input_is_bounded_with_contract_error (tests.test_h7_properties.H7CodecProperties.test_deep_input_is_bounded_with_contract_error) ... ok
test_duplicate_key_is_never_last_value_wins (tests.test_h7_properties.H7CodecProperties.test_duplicate_key_is_never_last_value_wins) ... ok
test_generated_roundtrip_and_order_independence (tests.test_h7_properties.H7CodecProperties.test_generated_roundtrip_and_order_independence) ... ok
test_malformed_tags_never_escape_as_python_type_error (tests.test_h7_properties.H7CodecProperties.test_malformed_tags_never_escape_as_python_type_error) ... ok
test_nonfinite_numbers_rejected_at_wire_boundary (tests.test_h7_properties.H7CodecProperties.test_nonfinite_numbers_rejected_at_wire_boundary) ... ok
test_equality_does_not_evaluate_unselected_ordering_operators (tests.test_h7_properties.H7ExpressionProperties.test_equality_does_not_evaluate_unselected_ordering_operators) ... ok
test_generated_arithmetic_matches_independent_integer_identities (tests.test_h7_properties.H7ExpressionProperties.test_generated_arithmetic_matches_independent_integer_identities) ... ok
test_mixed_ordering_is_rejected_as_contract_error (tests.test_h7_properties.H7ExpressionProperties.test_mixed_ordering_is_rejected_as_contract_error) ... ok
test_nonfinite_state_rejected_before_evaluation (tests.test_h7_properties.H7ExpressionProperties.test_nonfinite_state_rejected_before_evaluation) ... ok
test_cross_platform_path_escapes_and_aliases_reject (tests.test_h7_properties.H7PathProperties.test_cross_platform_path_escapes_and_aliases_reject) ... ok
test_generated_safe_paths_preserve_exact_identity (tests.test_h7_properties.H7PathProperties.test_generated_safe_paths_preserve_exact_identity) ... ok
test_forging_current_hash_cannot_approve_changed_code (tests.test_h7_lineage.H7LineageTests.test_forging_current_hash_cannot_approve_changed_code) ... ok
test_original_code_cannot_masquerade_as_current_repaired_code (tests.test_h7_lineage.H7LineageTests.test_original_code_cannot_masquerade_as_current_repaired_code) ... ok
test_ambiguous_challenge_route_cannot_silently_pick_first (tests.test_runtime_audit_regressions.RuntimeAuditRegressions.test_ambiguous_challenge_route_cannot_silently_pick_first) ... ok
test_failure_takes_precedence_over_success (tests.test_runtime_audit_regressions.RuntimeAuditRegressions.test_failure_takes_precedence_over_success) ... ok
test_met_condition_receives_points (tests.test_runtime_audit_regressions.RuntimeAuditRegressions.test_met_condition_receives_points) ... ok
test_numeric_string_effect_is_not_silently_coerced (tests.test_runtime_audit_regressions.RuntimeAuditRegressions.test_numeric_string_effect_is_not_silently_coerced) ... ok
test_out_of_range_effect_rolls_back_without_score_or_telemetry (tests.test_runtime_audit_regressions.RuntimeAuditRegressions.test_out_of_range_effect_rolls_back_without_score_or_telemetry) ... ok
test_partial_effect_transaction_rolls_back (tests.test_runtime_audit_regressions.RuntimeAuditRegressions.test_partial_effect_transaction_rolls_back) ... ok
test_pending_challenge_cannot_receive_success_points (tests.test_runtime_audit_regressions.RuntimeAuditRegressions.test_pending_challenge_cannot_receive_success_points) ... ok
test_punctuation_distinct_ids_do_not_collide_in_generated_functions (tests.test_runtime_audit_regressions.RuntimeAuditRegressions.test_punctuation_distinct_ids_do_not_collide_in_generated_functions) ... ok
test_repeated_rule_ids_in_distinct_levels_keep_their_own_predicates (tests.test_runtime_audit_regressions.RuntimeAuditRegressions.test_repeated_rule_ids_in_distinct_levels_keep_their_own_predicates) ... ok
test_repeating_success_cannot_farm_points (tests.test_runtime_audit_regressions.RuntimeAuditRegressions.test_repeating_success_cannot_farm_points) ... ok
test_reviewed_legacy_candidate_reaches_actual_compiled_consumer (tests.test_runtime_audit_regressions.RuntimeAuditRegressions.test_reviewed_legacy_candidate_reaches_actual_compiled_consumer) ... ok
test_boolean_numeric_equality_matches_authoritative_semantics (tests.test_expression_runtime_parity.ExpressionRuntimeParity.test_boolean_numeric_equality_matches_authoritative_semantics) ... ok
test_boolean_operands_preserve_authoritative_eager_error (tests.test_expression_runtime_parity.ExpressionRuntimeParity.test_boolean_operands_preserve_authoritative_eager_error) ... ok
test_dynamic_zero_division_is_error_in_both_engines (tests.test_expression_runtime_parity.ExpressionRuntimeParity.test_dynamic_zero_division_is_error_in_both_engines) ... ok
test_generated_numeric_trees_match_typed_evaluation (tests.test_expression_runtime_parity.ExpressionRuntimeParity.test_generated_numeric_trees_match_typed_evaluation) ... ok
test_mixed_arithmetic_rejects_before_emission (tests.test_expression_runtime_parity.ExpressionRuntimeParity.test_mixed_arithmetic_rejects_before_emission) ... ok
test_numeric_enum_preserves_primitive_identity (tests.test_expression_runtime_parity.ExpressionRuntimeParity.test_numeric_enum_preserves_primitive_identity) ... ok
test_dispose_removes_all_input_handlers (tests.test_input_routing_audit.InputRoutingAudit.test_dispose_removes_all_input_handlers) ... ok
test_enter_runs_one_authored_action_on_shared_target (tests.test_input_routing_audit.InputRoutingAudit.test_enter_runs_one_authored_action_on_shared_target) ... ok
test_pointer_release_and_following_click_are_one_gesture (tests.test_input_routing_audit.InputRoutingAudit.test_pointer_release_and_following_click_are_one_gesture) ... ok
test_screen_reader_click_runs_one_action (tests.test_input_routing_audit.InputRoutingAudit.test_screen_reader_click_runs_one_action) ... ok
test_secondary_action_has_its_own_accessible_control (tests.test_input_routing_audit.InputRoutingAudit.test_secondary_action_has_its_own_accessible_control) ... ok
test_selected_challenge_and_objective_are_preserved (tests.test_input_routing_audit.InputRoutingAudit.test_selected_challenge_and_objective_are_preserved) ... ok
test_adaptation_error_rolls_back_state_score_and_events (tests.test_full_reaudit_boundaries.FullReauditBoundaries.test_adaptation_error_rolls_back_state_score_and_events) ... ok
test_ambiguous_level_requires_game_instead_of_first_match (tests.test_full_reaudit_boundaries.FullReauditBoundaries.test_ambiguous_level_requires_game_instead_of_first_match) ... ok
test_dispatch_result_cannot_mutate_stored_telemetry (tests.test_full_reaudit_boundaries.FullReauditBoundaries.test_dispatch_result_cannot_mutate_stored_telemetry) ... ok
test_disposed_controller_cannot_play_audio (tests.test_full_reaudit_boundaries.FullReauditBoundaries.test_disposed_controller_cannot_play_audio) ... ok
test_disposing_one_controller_preserves_another_controllers_audio (tests.test_full_reaudit_boundaries.FullReauditBoundaries.test_disposing_one_controller_preserves_another_controllers_audio) ... ok
test_mixed_ordering_rejected_before_javascript_coercion (tests.test_full_reaudit_boundaries.FullReauditBoundaries.test_mixed_ordering_rejected_before_javascript_coercion) ... ok
test_non_boolean_boolean_operand_rejected (tests.test_full_reaudit_boundaries.FullReauditBoundaries.test_non_boolean_boolean_operand_rejected) ... ok
test_nonfinite_scoring_rejected (tests.test_full_reaudit_boundaries.FullReauditBoundaries.test_nonfinite_scoring_rejected) ... ok
test_receipt_cannot_attest_different_artifact_bytes (tests.test_full_reaudit_boundaries.FullReauditBoundaries.test_receipt_cannot_attest_different_artifact_bytes) ... ok
test_same_level_id_in_different_games_resolves_explicit_game (tests.test_full_reaudit_boundaries.FullReauditBoundaries.test_same_level_id_in_different_games_resolves_explicit_game) ... ok
test_telemetry_readout_does_not_expose_mutable_internal_events (tests.test_full_reaudit_boundaries.FullReauditBoundaries.test_telemetry_readout_does_not_expose_mutable_internal_events) ... ok
test_unsafe_integer_literal_rejected_before_precision_loss (tests.test_full_reaudit_boundaries.FullReauditBoundaries.test_unsafe_integer_literal_rejected_before_precision_loss) ... ok
test_browser_succeeded_outcome_increases_mastery (tests.test_reaudit_learning_and_qa.ReauditLearningQA.test_browser_succeeded_outcome_increases_mastery) ... ok
test_conflicting_learning_replay_rejected (tests.test_reaudit_learning_and_qa.ReauditLearningQA.test_conflicting_learning_replay_rejected) ... ok
test_crash_replayed_learning_event_is_applied_once (tests.test_reaudit_learning_and_qa.ReauditLearningQA.test_crash_replayed_learning_event_is_applied_once) ... ok
test_explicit_telemetry_replay_key_is_idempotent (tests.test_reaudit_learning_and_qa.ReauditLearningQA.test_explicit_telemetry_replay_key_is_idempotent) ... ok
test_nonterminal_outcome_cannot_be_scored_as_failure (tests.test_reaudit_learning_and_qa.ReauditLearningQA.test_nonterminal_outcome_cannot_be_scored_as_failure) ... ok
test_qa_detects_changed_compiled_effect (tests.test_reaudit_learning_and_qa.ReauditLearningQA.test_qa_detects_changed_compiled_effect) ... ok
test_qa_detects_missing_feedback_in_one_of_two_levels (tests.test_reaudit_learning_and_qa.ReauditLearningQA.test_qa_detects_missing_feedback_in_one_of_two_levels) ... ok
test_qa_detects_missing_rule_in_one_of_two_levels (tests.test_reaudit_learning_and_qa.ReauditLearningQA.test_qa_detects_missing_rule_in_one_of_two_levels) ... ok
test_consent_disabled_no_record (tests.hardening_h5.test_telemetry.TelemetryTests.test_consent_disabled_no_record) ... ok
test_event_id_stable_shape (tests.hardening_h5.test_telemetry.TelemetryTests.test_event_id_stable_shape) ... ok
test_export_order (tests.hardening_h5.test_telemetry.TelemetryTests.test_export_order) ... ok
test_raw_text_field_fails (tests.hardening_h5.test_telemetry.TelemetryTests.test_raw_text_field_fails) ... ok
test_sequence_monotonic (tests.hardening_h5.test_telemetry.TelemetryTests.test_sequence_monotonic) ... ok
test_unallowlisted_event_fails (tests.hardening_h5.test_telemetry.TelemetryTests.test_unallowlisted_event_fails) ... ok
test_unknown_field_fails (tests.hardening_h5.test_telemetry.TelemetryTests.test_unknown_field_fails) ... ok

----------------------------------------------------------------------
Ran 63 tests in 98.727s

OK
