2026-09-26T14:25:58.9149917Z Current runner version: '2.337.0'
2026-09-26T14:25:58.9165929Z ##[group]Runner Image Provisioner
2026-09-26T14:25:58.9166460Z Hosted Compute Agent
2026-09-26T14:25:58.9166895Z Version: 20260828.587
2026-09-26T14:25:58.9167324Z Commit: abac92662cab4cc7352de4f9f9d2e2419aad9c29
2026-09-26T14:25:58.9168021Z Build Date: 2026-08-28T16:44:25Z
2026-09-26T14:25:58.9168442Z Worker ID: {efa74150-6981-412d-843f-3d1fb00a34ee}
2026-09-26T14:25:58.9169046Z Azure Region: centralus
2026-09-26T14:25:58.9169471Z ##[endgroup]
2026-09-26T14:25:58.9170251Z ##[group]Operating System
2026-09-26T14:25:58.9170608Z Ubuntu
2026-09-26T14:25:58.9170981Z 24.04.5
2026-09-26T14:25:58.9171297Z LTS
2026-09-26T14:25:58.9171654Z ##[endgroup]
2026-09-26T14:25:58.9172034Z ##[group]Runner Image
2026-09-26T14:25:58.9172417Z Image: ubuntu-24.04
2026-09-26T14:25:58.9172808Z Version: 20260920.314.1
2026-09-26T14:25:58.9173541Z Included Software: https://github.com/actions/runner-images/blob/ubuntu24/20260920.314/images/ubuntu/Ubuntu2404-Readme.md
2026-09-26T14:25:58.9174750Z Image Release: https://github.com/actions/runner-images/releases/tag/ubuntu24%2F20260920.314
2026-09-26T14:25:58.9175305Z ##[endgroup]
2026-09-26T14:25:58.9176016Z ##[group]GITHUB_TOKEN Permissions
2026-09-26T14:25:58.9177296Z Contents: read
2026-09-26T14:25:58.9177920Z Metadata: read
2026-09-26T14:25:58.9178263Z ##[endgroup]
2026-09-26T14:25:58.9179613Z Secret source: Actions
2026-09-26T14:25:58.9180191Z Cache mode: write
2026-09-26T14:25:58.9180653Z Prepare workflow directory
2026-09-26T14:25:58.9625706Z Prepare all required actions
2026-09-26T14:25:58.9656663Z Getting action download info
2026-09-26T14:25:59.2116395Z Download action repository 'actions/checkout@11d5960a326750d5838078e36cf38b85af677262' (SHA:11d5960a326750d5838078e36cf38b85af677262)
2026-09-26T14:25:59.5591244Z Download action repository 'actions/setup-python@a26af69be951a213d495a4c3e4e4022e16d87065' (SHA:a26af69be951a213d495a4c3e4e4022e16d87065)
2026-09-26T14:25:59.6471335Z Download action repository 'actions/setup-node@49933ea5288caeca8642d1e84afbd3f7d6820020' (SHA:49933ea5288caeca8642d1e84afbd3f7d6820020)
2026-09-26T14:25:59.7597711Z Download action repository 'actions/upload-artifact@ea165f8d65b6e75b540449e92b4886f43607fa02' (SHA:ea165f8d65b6e75b540449e92b4886f43607fa02)
2026-09-26T14:25:59.9515644Z Complete job name: section
2026-09-26T14:25:59.9962019Z ##[group]Run actions/checkout@11d5960a326750d5838078e36cf38b85af677262
2026-09-26T14:25:59.9962522Z with:
2026-09-26T14:25:59.9962769Z   persist-credentials: false
2026-09-26T14:25:59.9963072Z   repository: SEENAV01/Enterprise-bie
2026-09-26T14:25:59.9965243Z   token: ***
2026-09-26T14:25:59.9965482Z   ssh-strict: true
2026-09-26T14:25:59.9965724Z   ssh-user: git
2026-09-26T14:25:59.9965960Z   clean: true
2026-09-26T14:25:59.9966216Z   sparse-checkout-cone-mode: true
2026-09-26T14:25:59.9966504Z   fetch-depth: 1
2026-09-26T14:25:59.9966754Z   fetch-tags: false
2026-09-26T14:25:59.9967014Z   show-progress: true
2026-09-26T14:25:59.9967265Z   lfs: false
2026-09-26T14:25:59.9967712Z   submodules: false
2026-09-26T14:25:59.9967963Z   set-safe-directory: true
2026-09-26T14:25:59.9968248Z   allow-unsafe-pr-checkout: false
2026-09-26T14:25:59.9968613Z env:
2026-09-26T14:25:59.9968852Z   PYTHONDONTWRITEBYTECODE: 1
2026-09-26T14:25:59.9969127Z ##[endgroup]
2026-09-26T14:26:00.0624234Z Syncing repository: SEENAV01/Enterprise-bie
2026-09-26T14:26:00.0625666Z ##[group]Getting Git version info
2026-09-26T14:26:00.0626107Z Working directory is '/home/runner/work/Enterprise-bie/Enterprise-bie'
2026-09-26T14:26:00.0626694Z [command]/usr/bin/git version
2026-09-26T14:26:00.0698852Z git version 2.55.0
2026-09-26T14:26:00.0711122Z ##[endgroup]
2026-09-26T14:26:00.0724098Z Temporarily overriding HOME='/home/runner/work/_temp/c825fc0f-eff5-4256-9c0f-0d34fa0a5d93' before making global git config changes
2026-09-26T14:26:00.0725393Z Adding repository directory to the temporary git global config as a safe directory
2026-09-26T14:26:00.0728019Z [command]/usr/bin/git config --global --add safe.directory /home/runner/work/Enterprise-bie/Enterprise-bie
2026-09-26T14:26:00.0771394Z Deleting the contents of '/home/runner/work/Enterprise-bie/Enterprise-bie'
2026-09-26T14:26:00.0773949Z ##[group]Initializing the repository
2026-09-26T14:26:00.0776980Z [command]/usr/bin/git init /home/runner/work/Enterprise-bie/Enterprise-bie
2026-09-26T14:26:00.0881569Z hint: Using 'master' as the name for the initial branch. This default branch name
2026-09-26T14:26:00.0883039Z hint: will change to "main" in Git 3.0. To configure the initial branch name
2026-09-26T14:26:00.0887382Z hint: to use in all of your new repositories, which will suppress this warning,
2026-09-26T14:26:00.0888542Z hint: call:
2026-09-26T14:26:00.0888916Z hint:
2026-09-26T14:26:00.0889366Z hint: 	git config --global init.defaultBranch <name>
2026-09-26T14:26:00.0889891Z hint:
2026-09-26T14:26:00.0890433Z hint: Names commonly chosen instead of 'master' are 'main', 'trunk' and
2026-09-26T14:26:00.0891302Z hint: 'development'. The just-created branch can be renamed via this command:
2026-09-26T14:26:00.0892007Z hint:
2026-09-26T14:26:00.0892368Z hint: 	git branch -m <name>
2026-09-26T14:26:00.0892787Z hint:
2026-09-26T14:26:00.0893348Z hint: Disable this message with "git config set advice.defaultBranchName false"
2026-09-26T14:26:00.0894366Z Initialized empty Git repository in /home/runner/work/Enterprise-bie/Enterprise-bie/.git/
2026-09-26T14:26:00.0895917Z [command]/usr/bin/git remote add origin https://github.com/SEENAV01/Enterprise-bie
2026-09-26T14:26:00.0939487Z ##[endgroup]
2026-09-26T14:26:00.0939938Z ##[group]Disabling automatic garbage collection
2026-09-26T14:26:00.0948236Z [command]/usr/bin/git config --local gc.auto 0
2026-09-26T14:26:00.0971856Z ##[endgroup]
2026-09-26T14:26:00.0972375Z ##[group]Setting up auth
2026-09-26T14:26:00.0978157Z [command]/usr/bin/git config --local --name-only --get-regexp core\.sshCommand
2026-09-26T14:26:00.1006552Z [command]/usr/bin/git submodule foreach --recursive sh -c "git config --local --name-only --get-regexp 'core\.sshCommand' && git config --local --unset-all 'core.sshCommand' || :"
2026-09-26T14:26:00.1304995Z [command]/usr/bin/git config --local --name-only --get-regexp http\.https\:\/\/github\.com\/\.extraheader
2026-09-26T14:26:00.1333790Z [command]/usr/bin/git submodule foreach --recursive sh -c "git config --local --name-only --get-regexp 'http\.https\:\/\/github\.com\/\.extraheader' && git config --local --unset-all 'http.https://github.com/.extraheader' || :"
2026-09-26T14:26:00.1511409Z [command]/usr/bin/git config --local --name-only --get-regexp ^includeIf\.gitdir:
2026-09-26T14:26:00.1540231Z [command]/usr/bin/git submodule foreach --recursive git config --local --show-origin --name-only --get-regexp remote.origin.url
2026-09-26T14:26:00.1712963Z [command]/usr/bin/git config --local http.https://github.com/.extraheader AUTHORIZATION: basic ***
2026-09-26T14:26:00.1860879Z ##[endgroup]
2026-09-26T14:26:00.1861469Z ##[group]Fetching the repository
2026-09-26T14:26:00.1867003Z [command]/usr/bin/git -c protocol.version=2 fetch --no-tags --prune --no-recurse-submodules --depth=1 origin +36191ccd56336f8c455a125c63aec35b566b1b41:refs/remotes/origin/validation/game-section15-h6
2026-09-26T14:26:05.2496077Z From https://github.com/SEENAV01/Enterprise-bie
2026-09-26T14:26:05.2496887Z  * [new ref]           36191ccd56336f8c455a125c63aec35b566b1b41 -> origin/validation/game-section15-h6
2026-09-26T14:26:05.2499933Z ##[endgroup]
2026-09-26T14:26:05.2500534Z ##[group]Determining the checkout info
2026-09-26T14:26:05.2502462Z ##[endgroup]
2026-09-26T14:26:05.2506706Z [command]/usr/bin/git sparse-checkout disable
2026-09-26T14:26:05.2610950Z [command]/usr/bin/git config --local --unset-all extensions.worktreeConfig
2026-09-26T14:26:05.2651471Z ##[group]Checking out the ref
2026-09-26T14:26:05.2655198Z [command]/usr/bin/git checkout --progress --force -B validation/game-section15-h6 refs/remotes/origin/validation/game-section15-h6
2026-09-26T14:26:06.3234379Z Updating files:  41% (8931/21714)
2026-09-26T14:26:06.3325418Z Updating files:  42% (9120/21714)
2026-09-26T14:26:06.3408616Z Updating files:  43% (9338/21714)
2026-09-26T14:26:06.3486897Z Updating files:  44% (9555/21714)
2026-09-26T14:26:06.3562623Z Updating files:  45% (9772/21714)
2026-09-26T14:26:06.3639169Z Updating files:  46% (9989/21714)
2026-09-26T14:26:06.3716129Z Updating files:  47% (10206/21714)
2026-09-26T14:26:06.3794543Z Updating files:  48% (10423/21714)
2026-09-26T14:26:06.3874660Z Updating files:  49% (10640/21714)
2026-09-26T14:26:06.3953688Z Updating files:  50% (10857/21714)
2026-09-26T14:26:06.4029675Z Updating files:  51% (11075/21714)
2026-09-26T14:26:06.4104104Z Updating files:  52% (11292/21714)
2026-09-26T14:26:06.4177969Z Updating files:  53% (11509/21714)
2026-09-26T14:26:06.4253518Z Updating files:  54% (11726/21714)
2026-09-26T14:26:06.4327674Z Updating files:  55% (11943/21714)
2026-09-26T14:26:06.4401112Z Updating files:  56% (12160/21714)
2026-09-26T14:26:06.4476314Z Updating files:  57% (12377/21714)
2026-09-26T14:26:06.4558137Z Updating files:  58% (12595/21714)
2026-09-26T14:26:06.4641890Z Updating files:  59% (12812/21714)
2026-09-26T14:26:06.4722831Z Updating files:  60% (13029/21714)
2026-09-26T14:26:06.4795255Z Updating files:  61% (13246/21714)
2026-09-26T14:26:06.4861329Z Updating files:  62% (13463/21714)
2026-09-26T14:26:06.4925287Z Updating files:  63% (13680/21714)
2026-09-26T14:26:06.4987677Z Updating files:  64% (13897/21714)
2026-09-26T14:26:06.5049295Z Updating files:  65% (14115/21714)
2026-09-26T14:26:06.5110755Z Updating files:  66% (14332/21714)
2026-09-26T14:26:06.5172273Z Updating files:  67% (14549/21714)
2026-09-26T14:26:06.5232992Z Updating files:  68% (14766/21714)
2026-09-26T14:26:06.5294010Z Updating files:  69% (14983/21714)
2026-09-26T14:26:06.5356864Z Updating files:  70% (15200/21714)
2026-09-26T14:26:06.5419999Z Updating files:  71% (15417/21714)
2026-09-26T14:26:06.5540657Z Updating files:  72% (15635/21714)
2026-09-26T14:26:06.5667626Z Updating files:  73% (15852/21714)
2026-09-26T14:26:06.6858108Z Updating files:  74% (16069/21714)
2026-09-26T14:26:06.6934295Z Updating files:  75% (16286/21714)
2026-09-26T14:26:06.7046399Z Updating files:  76% (16503/21714)
2026-09-26T14:26:06.7238836Z Updating files:  77% (16720/21714)
2026-09-26T14:26:06.7378734Z Updating files:  78% (16937/21714)
2026-09-26T14:26:06.7438586Z Updating files:  79% (17155/21714)
2026-09-26T14:26:06.7516777Z Updating files:  80% (17372/21714)
2026-09-26T14:26:06.7637104Z Updating files:  81% (17589/21714)
2026-09-26T14:26:06.7651652Z Updating files:  82% (17806/21714)
2026-09-26T14:26:06.7715608Z Updating files:  83% (18023/21714)
2026-09-26T14:26:06.7777686Z Updating files:  84% (18240/21714)
2026-09-26T14:26:06.7839096Z Updating files:  85% (18457/21714)
2026-09-26T14:26:06.7902022Z Updating files:  86% (18675/21714)
2026-09-26T14:26:06.7966163Z Updating files:  87% (18892/21714)
2026-09-26T14:26:06.8028725Z Updating files:  88% (19109/21714)
2026-09-26T14:26:06.8090605Z Updating files:  89% (19326/21714)
2026-09-26T14:26:06.8229861Z Updating files:  90% (19543/21714)
2026-09-26T14:26:06.8354375Z Updating files:  91% (19760/21714)
2026-09-26T14:26:06.8451824Z Updating files:  92% (19977/21714)
2026-09-26T14:26:07.1698793Z Updating files:  93% (20195/21714)
2026-09-26T14:26:07.1784962Z Updating files:  94% (20412/21714)
2026-09-26T14:26:07.1872234Z Updating files:  95% (20629/21714)
2026-09-26T14:26:07.1940439Z Updating files:  96% (20846/21714)
2026-09-26T14:26:07.2003749Z Updating files:  97% (21063/21714)
2026-09-26T14:26:07.2065374Z Updating files:  98% (21280/21714)
2026-09-26T14:26:07.2135277Z Updating files:  99% (21497/21714)
2026-09-26T14:26:07.2135477Z Updating files: 100% (21714/21714)
2026-09-26T14:26:07.2135642Z Updating files: 100% (21714/21714), done.
2026-09-26T14:26:07.2335157Z Switched to a new branch 'validation/game-section15-h6'
2026-09-26T14:26:07.2340577Z branch 'validation/game-section15-h6' set up to track 'origin/validation/game-section15-h6'.
2026-09-26T14:26:07.2403014Z ##[endgroup]
2026-09-26T14:26:07.2443080Z [command]/usr/bin/git log -1 --format=%H
2026-09-26T14:26:07.2468912Z 36191ccd56336f8c455a125c63aec35b566b1b41
2026-09-26T14:26:07.2473517Z ##[group]Removing auth
2026-09-26T14:26:07.2476096Z [command]/usr/bin/git config --local --name-only --get-regexp core\.sshCommand
2026-09-26T14:26:07.2506610Z [command]/usr/bin/git submodule foreach --recursive sh -c "git config --local --name-only --get-regexp 'core\.sshCommand' && git config --local --unset-all 'core.sshCommand' || :"
2026-09-26T14:26:07.2699915Z [command]/usr/bin/git config --local --name-only --get-regexp http\.https\:\/\/github\.com\/\.extraheader
2026-09-26T14:26:07.2723905Z http.https://github.com/.extraheader
2026-09-26T14:26:07.2729760Z [command]/usr/bin/git config --local --unset-all http.https://github.com/.extraheader
2026-09-26T14:26:07.2758361Z [command]/usr/bin/git submodule foreach --recursive sh -c "git config --local --name-only --get-regexp 'http\.https\:\/\/github\.com\/\.extraheader' && git config --local --unset-all 'http.https://github.com/.extraheader' || :"
2026-09-26T14:26:07.2949940Z [command]/usr/bin/git config --local --name-only --get-regexp ^includeIf\.gitdir:
2026-09-26T14:26:07.2976573Z [command]/usr/bin/git submodule foreach --recursive git config --local --show-origin --name-only --get-regexp remote.origin.url
2026-09-26T14:26:07.3195432Z ##[endgroup]
2026-09-26T14:26:07.3374450Z ##[group]Run actions/setup-python@a26af69be951a213d495a4c3e4e4022e16d87065
2026-09-26T14:26:07.3374677Z with:
2026-09-26T14:26:07.3374797Z   python-version: 3.13.5
2026-09-26T14:26:07.3374932Z   check-latest: false
2026-09-26T14:26:07.3376376Z   token: ***
2026-09-26T14:26:07.3376507Z   update-environment: true
2026-09-26T14:26:07.3376650Z   allow-prereleases: false
2026-09-26T14:26:07.3376784Z   freethreaded: false
2026-09-26T14:26:07.3376902Z env:
2026-09-26T14:26:07.3377020Z   PYTHONDONTWRITEBYTECODE: 1
2026-09-26T14:26:07.3377158Z ##[endgroup]
2026-09-26T14:26:07.4271248Z ##[group]Installed versions
2026-09-26T14:26:07.4284715Z Version 3.13.5 was not found in the local cache
2026-09-26T14:26:07.4372772Z (node:2119) [DEP0040] DeprecationWarning: The `punycode` module is deprecated. Please use a userland alternative instead.
2026-09-26T14:26:07.4373307Z (Use `node --trace-deprecation ...` to show where the warning was created)
2026-09-26T14:26:08.2930034Z Version 3.13.5 is available for downloading
2026-09-26T14:26:08.2931103Z Download from "https://github.com/actions/python-versions/releases/download/3.13.5-15601068749/python-3.13.5-linux-24.04-x64.tar.gz"
2026-09-26T14:26:09.0242434Z Extract downloaded archive
2026-09-26T14:26:09.0324510Z [command]/usr/bin/tar xz --warning=no-unknown-keyword --overwrite -C /home/runner/work/_temp/8a421dd7-6f84-4a66-b549-bae42eb7f226 -f /home/runner/work/_temp/8fbbd515-d3e1-476a-83ba-8201fdf17b44
2026-09-26T14:26:10.6239675Z Execute installation script
2026-09-26T14:26:10.6317033Z Check if Python hostedtoolcache folder exist...
2026-09-26T14:26:10.6317399Z Create Python 3.13.5 folder
2026-09-26T14:26:10.6328074Z Copy Python binaries to hostedtoolcache folder
2026-09-26T14:26:10.9963275Z Create additional symlinks (Required for the UsePythonVersion Azure Pipelines task and the setup-python GitHub Action)
2026-09-26T14:26:10.9993475Z Upgrading pip...
2026-09-26T14:26:13.0155182Z Looking in links: /tmp/tmp1gsp2y2g
2026-09-26T14:26:13.0156336Z Requirement already satisfied: pip in /opt/hostedtoolcache/Python/3.13.5/x64/lib/python3.13/site-packages (25.1.1)
2026-09-26T14:26:14.2624919Z Collecting pip
2026-09-26T14:26:14.3150746Z Downloading pip-26.2.1-py3-none-any.whl.metadata (4.6 kB)
2026-09-26T14:26:14.5769855Z Downloading pip-26.2.1-py3-none-any.whl (1.8 MB)
2026-09-26T14:26:14.9060990Z ━━━━━━━━━━━━━━━━━━━━━━━━━━━━━━━━━━━━━━━━ 1.8/1.8 MB 5.2 MB/s eta 0:00:00
2026-09-26T14:26:14.9061296Z 
2026-09-26T14:26:14.9448317Z Installing collected packages: pip
2026-09-26T14:26:14.9448781Z Attempting uninstall: pip
2026-09-26T14:26:14.9464192Z Found existing installation: pip 25.1.1
2026-09-26T14:26:14.9659206Z Uninstalling pip-25.1.1:
2026-09-26T14:26:14.9693405Z Successfully uninstalled pip-25.1.1
2026-09-26T14:26:15.8619179Z Successfully installed pip-26.2.1
2026-09-26T14:26:15.9019806Z Create complete file
2026-09-26T14:26:15.9054110Z Successfully set up CPython (3.13.5)
2026-09-26T14:26:15.9055048Z ##[endgroup]
2026-09-26T14:26:15.9204484Z ##[group]Run actions/setup-node@49933ea5288caeca8642d1e84afbd3f7d6820020
2026-09-26T14:26:15.9204693Z with:
2026-09-26T14:26:15.9204808Z   node-version: 22.16.0
2026-09-26T14:26:15.9204929Z   always-auth: false
2026-09-26T14:26:15.9205046Z   check-latest: false
2026-09-26T14:26:15.9206425Z   token: ***
2026-09-26T14:26:15.9206531Z env:
2026-09-26T14:26:15.9206644Z   PYTHONDONTWRITEBYTECODE: 1
2026-09-26T14:26:15.9206814Z   pythonLocation: /opt/hostedtoolcache/Python/3.13.5/x64
2026-09-26T14:26:15.9207051Z   PKG_CONFIG_PATH: /opt/hostedtoolcache/Python/3.13.5/x64/lib/pkgconfig
2026-09-26T14:26:15.9207275Z   Python_ROOT_DIR: /opt/hostedtoolcache/Python/3.13.5/x64
2026-09-26T14:26:15.9207668Z   Python2_ROOT_DIR: /opt/hostedtoolcache/Python/3.13.5/x64
2026-09-26T14:26:15.9207879Z   Python3_ROOT_DIR: /opt/hostedtoolcache/Python/3.13.5/x64
2026-09-26T14:26:15.9208085Z   LD_LIBRARY_PATH: /opt/hostedtoolcache/Python/3.13.5/x64/lib
2026-09-26T14:26:15.9208259Z ##[endgroup]
2026-09-26T14:26:16.0081855Z Attempting to download 22.16.0...
2026-09-26T14:26:16.0146648Z (node:2205) [DEP0040] DeprecationWarning: The `punycode` module is deprecated. Please use a userland alternative instead.
2026-09-26T14:26:16.0147370Z (Use `node --trace-deprecation ...` to show where the warning was created)
2026-09-26T14:26:16.7424759Z Acquiring 22.16.0 - x64 from https://github.com/actions/node-versions/releases/download/22.16.0-15177438473/node-22.16.0-linux-x64.tar.gz
2026-09-26T14:26:17.3648029Z Extracting ...
2026-09-26T14:26:17.3735005Z [command]/usr/bin/tar xz --strip 1 --warning=no-unknown-keyword --overwrite -C /home/runner/work/_temp/d27456e8-8b8b-4b5b-8198-52fa0ff9376d -f /home/runner/work/_temp/c91a6775-dc33-4679-9456-afe4e8f4051c
2026-09-26T14:26:18.2330385Z Adding to the cache ...
2026-09-26T14:26:19.9789528Z ##[group]Environment details
2026-09-26T14:26:20.1247158Z node: v22.16.0
2026-09-26T14:26:20.1247565Z npm: 10.9.2
2026-09-26T14:26:20.1247736Z yarn: 1.22.22
2026-09-26T14:26:20.1248218Z ##[endgroup]
2026-09-26T14:26:20.1391362Z ##[group]Run set -euo pipefail
2026-09-26T14:26:20.1391579Z [36;1mset -euo pipefail[0m
2026-09-26T14:26:20.1391747Z [36;1mpython -m pip install playwright==1.57.0[0m
2026-09-26T14:26:20.1391965Z [36;1mpython -m playwright install --with-deps chromium[0m
2026-09-26T14:26:20.1392165Z [36;1mnpm install --global typescript@5.8.3[0m
2026-09-26T14:26:20.1392324Z [36;1mpython - <<'PY'[0m
2026-09-26T14:26:20.1392483Z [36;1mfrom playwright.sync_api import sync_playwright[0m
2026-09-26T14:26:20.1392667Z [36;1mfrom pathlib import Path[0m
2026-09-26T14:26:20.1392809Z [36;1mimport subprocess[0m
2026-09-26T14:26:20.1392947Z [36;1mwith sync_playwright() as pw:[0m
2026-09-26T14:26:20.1393137Z [36;1m    binary=Path(pw.chromium.executable_path)[0m
2026-09-26T14:26:20.1393406Z [36;1msubprocess.run(['sudo','cp','-a',str(binary.parent),'/opt/bie-game-chromium'],check=True)[0m
2026-09-26T14:26:20.1393796Z [36;1msubprocess.run(['sudo','ln','-s','/opt/bie-game-chromium/chrome','/usr/local/bin/chromium'],check=True)[0m
2026-09-26T14:26:20.1394048Z [36;1mPY[0m
2026-09-26T14:26:20.1394240Z [36;1m# User-approved disposable-runner setup; no global sandbox setting changes.[0m
2026-09-26T14:26:20.1394550Z [36;1msudo tee /etc/apparmor.d/bie-game-validation-chromium >/dev/null <<'PROFILE'[0m
2026-09-26T14:26:20.1394777Z [36;1mabi <abi/4.0>,[0m
2026-09-26T14:26:20.1394907Z [36;1minclude <tunables/global>[0m
2026-09-26T14:26:20.1395135Z [36;1mprofile bie-game-validation /opt/bie-game-chromium/chrome flags=(unconfined) {[0m
2026-09-26T14:26:20.1395400Z [36;1m  userns,[0m
2026-09-26T14:26:20.1395510Z [36;1m}[0m
2026-09-26T14:26:20.1395611Z [36;1mPROFILE[0m
2026-09-26T14:26:20.1395792Z [36;1msudo apparmor_parser -r /etc/apparmor.d/bie-game-validation-chromium[0m
2026-09-26T14:26:20.1396157Z [36;1mchromium --version[0m
2026-09-26T14:26:20.1724613Z shell: /usr/bin/bash -e {0}
2026-09-26T14:26:20.1724768Z env:
2026-09-26T14:26:20.1724894Z   PYTHONDONTWRITEBYTECODE: 1
2026-09-26T14:26:20.1725085Z   pythonLocation: /opt/hostedtoolcache/Python/3.13.5/x64
2026-09-26T14:26:20.1725327Z   PKG_CONFIG_PATH: /opt/hostedtoolcache/Python/3.13.5/x64/lib/pkgconfig
2026-09-26T14:26:20.1725562Z   Python_ROOT_DIR: /opt/hostedtoolcache/Python/3.13.5/x64
2026-09-26T14:26:20.1725775Z   Python2_ROOT_DIR: /opt/hostedtoolcache/Python/3.13.5/x64
2026-09-26T14:26:20.1725980Z   Python3_ROOT_DIR: /opt/hostedtoolcache/Python/3.13.5/x64
2026-09-26T14:26:20.1726190Z   LD_LIBRARY_PATH: /opt/hostedtoolcache/Python/3.13.5/x64/lib
2026-09-26T14:26:20.1726370Z ##[endgroup]
2026-09-26T14:26:20.8455678Z Collecting playwright==1.57.0
2026-09-26T14:26:20.9118128Z   Downloading playwright-1.57.0-py3-none-manylinux1_x86_64.whl.metadata (3.5 kB)
2026-09-26T14:26:20.9319417Z Collecting pyee<14,>=13 (from playwright==1.57.0)
2026-09-26T14:26:20.9447908Z   Downloading pyee-13.0.1-py3-none-any.whl.metadata (3.0 kB)
2026-09-26T14:26:21.0502100Z Collecting greenlet<4.0.0,>=3.1.1 (from playwright==1.57.0)
2026-09-26T14:26:21.0636101Z   Downloading greenlet-3.5.6-cp313-cp313-manylinux_2_24_x86_64.manylinux_2_28_x86_64.whl.metadata (3.8 kB)
2026-09-26T14:26:21.0838341Z Collecting typing-extensions (from pyee<14,>=13->playwright==1.57.0)
2026-09-26T14:26:21.0968368Z   Downloading typing_extensions-4.16.0-py3-none-any.whl.metadata (3.3 kB)
2026-09-26T14:26:21.1122490Z Downloading playwright-1.57.0-py3-none-manylinux1_x86_64.whl (46.0 MB)
2026-09-26T14:26:21.6054755Z    ━━━━━━━━━━━━━━━━━━━━━━━━━━━━━━━━━━━━━━━━ 46.0/46.0 MB 100.9 MB/s  0:00:00
2026-09-26T14:26:21.6188093Z Downloading greenlet-3.5.6-cp313-cp313-manylinux_2_24_x86_64.manylinux_2_28_x86_64.whl (623 kB)
2026-09-26T14:26:21.6225537Z    ━━━━━━━━━━━━━━━━━━━━━━━━━━━━━━━━━━━━━━━━ 623.8/623.8 kB 156.4 MB/s  0:00:00
2026-09-26T14:26:21.6355299Z Downloading pyee-13.0.1-py3-none-any.whl (15 kB)
2026-09-26T14:26:21.6503048Z Downloading typing_extensions-4.16.0-py3-none-any.whl (45 kB)
2026-09-26T14:26:21.7105186Z Installing collected packages: typing-extensions, greenlet, pyee, playwright
2026-09-26T14:26:22.2843304Z 
2026-09-26T14:26:22.2852346Z Successfully installed greenlet-3.5.6 playwright-1.57.0 pyee-13.0.1 typing-extensions-4.16.0
2026-09-26T14:26:22.6182367Z Installing dependencies...
2026-09-26T14:26:22.6232179Z Switching to root user to install dependencies...
2026-09-26T14:26:22.6917171Z Get:1 file:/etc/apt/apt-mirrors.txt Mirrorlist [144 B]
2026-09-26T14:26:22.7332607Z Hit:2 http://azure.archive.ubuntu.com/ubuntu noble InRelease
2026-09-26T14:26:22.7340413Z Get:3 http://azure.archive.ubuntu.com/ubuntu noble-updates InRelease [126 kB]
2026-09-26T14:26:22.7368174Z Get:4 http://azure.archive.ubuntu.com/ubuntu noble-backports InRelease [126 kB]
2026-09-26T14:26:22.7390971Z Get:6 https://packages.microsoft.com/ubuntu/24.04/prod noble InRelease [3600 B]
2026-09-26T14:26:22.7394776Z Get:5 http://azure.archive.ubuntu.com/ubuntu noble-security InRelease [126 kB]
2026-09-26T14:26:22.8223118Z Get:7 http://azure.archive.ubuntu.com/ubuntu noble-updates/main amd64 Packages [1318 kB]
2026-09-26T14:26:22.8339356Z Get:8 http://azure.archive.ubuntu.com/ubuntu noble-updates/main Translation-en [299 kB]
2026-09-26T14:26:22.8348756Z Get:9 http://azure.archive.ubuntu.com/ubuntu noble-updates/main amd64 Components [181 kB]
2026-09-26T14:26:22.8357310Z Get:10 http://azure.archive.ubuntu.com/ubuntu noble-updates/universe amd64 Packages [1697 kB]
2026-09-26T14:26:22.8419337Z Get:11 http://azure.archive.ubuntu.com/ubuntu noble-updates/universe Translation-en [340 kB]
2026-09-26T14:26:22.8448748Z Get:12 http://azure.archive.ubuntu.com/ubuntu noble-updates/universe amd64 Components [388 kB]
2026-09-26T14:26:22.8465153Z Get:13 http://azure.archive.ubuntu.com/ubuntu noble-updates/restricted amd64 Packages [1654 kB]
2026-09-26T14:26:22.8528624Z Get:14 http://azure.archive.ubuntu.com/ubuntu noble-updates/restricted Translation-en [377 kB]
2026-09-26T14:26:22.8546156Z Get:15 http://azure.archive.ubuntu.com/ubuntu noble-updates/multiverse amd64 Components [940 B]
2026-09-26T14:26:22.8624915Z Get:16 http://azure.archive.ubuntu.com/ubuntu noble-backports/main amd64 Packages [40.6 kB]
2026-09-26T14:26:22.9008178Z Get:21 https://packages.microsoft.com/ubuntu/24.04/prod noble/main amd64 Packages [498 kB]
2026-09-26T14:26:22.9046484Z Get:17 http://azure.archive.ubuntu.com/ubuntu noble-backports/main amd64 Components [5796 B]
2026-09-26T14:26:22.9061966Z Get:18 http://azure.archive.ubuntu.com/ubuntu noble-backports/universe amd64 Packages [31.0 kB]
2026-09-26T14:26:22.9064511Z Get:19 http://azure.archive.ubuntu.com/ubuntu noble-backports/universe Translation-en [18.6 kB]
2026-09-26T14:26:22.9070011Z Get:22 https://packages.microsoft.com/ubuntu/24.04/prod noble/main arm64 Packages [446 kB]
2026-09-26T14:26:22.9077396Z Get:20 http://azure.archive.ubuntu.com/ubuntu noble-backports/universe amd64 Components [12.6 kB]
2026-09-26T14:26:22.9350229Z Get:23 http://azure.archive.ubuntu.com/ubuntu noble-security/main amd64 Packages [1053 kB]
2026-09-26T14:26:22.9404817Z Get:24 http://azure.archive.ubuntu.com/ubuntu noble-security/main Translation-en [219 kB]
2026-09-26T14:26:22.9419976Z Get:25 http://azure.archive.ubuntu.com/ubuntu noble-security/main amd64 Components [46.3 kB]
2026-09-26T14:26:22.9431072Z Get:26 http://azure.archive.ubuntu.com/ubuntu noble-security/universe amd64 Packages [1220 kB]
2026-09-26T14:26:22.9484533Z Get:27 http://azure.archive.ubuntu.com/ubuntu noble-security/universe Translation-en [245 kB]
2026-09-26T14:26:22.9499955Z Get:28 http://azure.archive.ubuntu.com/ubuntu noble-security/universe amd64 Components [76.3 kB]
2026-09-26T14:26:22.9512279Z Get:29 http://azure.archive.ubuntu.com/ubuntu noble-security/restricted amd64 Packages [1535 kB]
2026-09-26T14:26:22.9579531Z Get:30 http://azure.archive.ubuntu.com/ubuntu noble-security/restricted Translation-en [353 kB]
2026-09-26T14:26:28.6589818Z Fetched 12.4 MB in 1s (12.4 MB/s)
2026-09-26T14:26:29.1615276Z Reading package lists...
2026-09-26T14:26:29.1803025Z Reading package lists...
2026-09-26T14:26:29.3307355Z Building dependency tree...
2026-09-26T14:26:29.3313134Z Reading state information...
2026-09-26T14:26:29.4428867Z libasound2t64 is already the newest version (1.2.11-1ubuntu0.3).
2026-09-26T14:26:29.4429493Z libasound2t64 set to manually installed.
2026-09-26T14:26:29.4430075Z libatk-bridge2.0-0t64 is already the newest version (2.52.0-1build1).
2026-09-26T14:26:29.4430654Z libatk-bridge2.0-0t64 set to manually installed.
2026-09-26T14:26:29.4431202Z libatk1.0-0t64 is already the newest version (2.52.0-1build1).
2026-09-26T14:26:29.4431708Z libatk1.0-0t64 set to manually installed.
2026-09-26T14:26:29.4432257Z libatspi2.0-0t64 is already the newest version (2.52.0-1build1).
2026-09-26T14:26:29.4432787Z libatspi2.0-0t64 set to manually installed.
2026-09-26T14:26:29.4433308Z libcairo2 is already the newest version (1.18.0-3build1).
2026-09-26T14:26:29.4433824Z libcairo2 set to manually installed.
2026-09-26T14:26:29.4434423Z libcups2t64 is already the newest version (2.4.7-1.2ubuntu7.14).
2026-09-26T14:26:29.4434940Z libcups2t64 set to manually installed.
2026-09-26T14:26:29.4435412Z libdbus-1-3 is already the newest version (1.14.10-4ubuntu4.1).
2026-09-26T14:26:29.4435849Z libdbus-1-3 set to manually installed.
2026-09-26T14:26:29.4436298Z libdrm2 is already the newest version (2.4.125-1ubuntu0.1~24.04.2).
2026-09-26T14:26:29.4436752Z libdrm2 set to manually installed.
2026-09-26T14:26:29.4437205Z libgbm1 is already the newest version (25.2.8-0ubuntu0.24.04.2).
2026-09-26T14:26:29.4437765Z libgbm1 set to manually installed.
2026-09-26T14:26:29.4438196Z libnspr4 is already the newest version (2:4.35-1.1build1).
2026-09-26T14:26:29.4438611Z libnspr4 set to manually installed.
2026-09-26T14:26:29.4439033Z libnss3 is already the newest version (2:3.98-1ubuntu0.2).
2026-09-26T14:26:29.4439841Z libnss3 set to manually installed.
2026-09-26T14:26:29.4440287Z libpango-1.0-0 is already the newest version (1.52.1+ds-1build1).
2026-09-26T14:26:29.4440750Z libpango-1.0-0 set to manually installed.
2026-09-26T14:26:29.4441196Z libx11-6 is already the newest version (2:1.8.7-1build1).
2026-09-26T14:26:29.4441602Z libx11-6 set to manually installed.
2026-09-26T14:26:29.4442005Z libxcb1 is already the newest version (1.15-1ubuntu2).
2026-09-26T14:26:29.4442402Z libxcb1 set to manually installed.
2026-09-26T14:26:29.4442765Z libxcomposite1 is already the newest version (1:0.4.5-1build3).
2026-09-26T14:26:29.4443119Z libxcomposite1 set to manually installed.
2026-09-26T14:26:29.4443461Z libxdamage1 is already the newest version (1:1.1.6-1build1).
2026-09-26T14:26:29.4443792Z libxdamage1 set to manually installed.
2026-09-26T14:26:29.4444013Z libxext6 is already the newest version (2:1.3.4-1build2).
2026-09-26T14:26:29.4444213Z libxext6 set to manually installed.
2026-09-26T14:26:29.4444430Z libxfixes3 is already the newest version (1:6.0.0-2build1).
2026-09-26T14:26:29.4444647Z libxfixes3 set to manually installed.
2026-09-26T14:26:29.4444867Z libxkbcommon0 is already the newest version (1.6.0-1build1).
2026-09-26T14:26:29.4445083Z libxkbcommon0 set to manually installed.
2026-09-26T14:26:29.4445304Z libxrandr2 is already the newest version (2:1.5.2-2build1).
2026-09-26T14:26:29.4445514Z libxrandr2 set to manually installed.
2026-09-26T14:26:29.4445788Z fonts-noto-color-emoji is already the newest version (2.047-0ubuntu0.24.04.1).
2026-09-26T14:26:29.4446094Z libfontconfig1 is already the newest version (2.15.0-1.1ubuntu2).
2026-09-26T14:26:29.4446323Z libfontconfig1 set to manually installed.
2026-09-26T14:26:29.4446564Z libfreetype6 is already the newest version (2.13.2+dfsg-1ubuntu0.1).
2026-09-26T14:26:29.4446881Z libfreetype6 set to manually installed.
2026-09-26T14:26:29.4447210Z fonts-liberation is already the newest version (1:2.1.5-3).
2026-09-26T14:26:29.4447571Z fonts-liberation set to manually installed.
2026-09-26T14:26:29.4447801Z The following additional packages will be installed:
2026-09-26T14:26:29.4448101Z   gir1.2-glib-2.0 libglib2.0-bin libglib2.0-data xfonts-encodings xfonts-utils
2026-09-26T14:26:29.4448330Z   xserver-common
2026-09-26T14:26:29.4448672Z Suggested packages:
2026-09-26T14:26:29.4448806Z   low-memory-monitor
2026-09-26T14:26:29.4448941Z Recommended packages:
2026-09-26T14:26:29.4449114Z   fonts-ipafont-mincho fonts-tlwg-loma xfonts-base
2026-09-26T14:26:29.4618466Z The following NEW packages will be installed:
2026-09-26T14:26:29.4619046Z   fonts-freefont-ttf fonts-ipafont-gothic fonts-tlwg-loma-otf fonts-unifont
2026-09-26T14:26:29.4621168Z   fonts-wqy-zenhei xfonts-cyrillic xfonts-encodings xfonts-scalable
2026-09-26T14:26:29.4621565Z   xfonts-utils
2026-09-26T14:26:29.4623270Z The following packages will be upgraded:
2026-09-26T14:26:29.4626513Z   gir1.2-glib-2.0 libglib2.0-0t64 libglib2.0-bin libglib2.0-data
2026-09-26T14:26:29.4626923Z   xserver-common xvfb
2026-09-26T14:26:29.4756082Z 6 upgraded, 9 newly installed, 0 to remove and 26 not upgraded.
2026-09-26T14:26:29.4756472Z Need to get 23.9 MB of archives.
2026-09-26T14:26:29.4756746Z After this operation, 79.6 MB of additional disk space will be used.
2026-09-26T14:26:29.4757048Z Get:1 file:/etc/apt/apt-mirrors.txt Mirrorlist [144 B]
2026-09-26T14:26:29.5614939Z Get:2 http://azure.archive.ubuntu.com/ubuntu noble/universe amd64 fonts-ipafont-gothic all 00303-21ubuntu1 [3513 kB]
2026-09-26T14:26:29.6193474Z Get:3 http://azure.archive.ubuntu.com/ubuntu noble-updates/main amd64 libglib2.0-data all 2.80.0-6ubuntu3.9 [50.1 kB]
2026-09-26T14:26:29.6470256Z Get:4 http://azure.archive.ubuntu.com/ubuntu noble-updates/main amd64 libglib2.0-bin amd64 2.80.0-6ubuntu3.9 [97.9 kB]
2026-09-26T14:26:29.6750720Z Get:5 http://azure.archive.ubuntu.com/ubuntu noble-updates/main amd64 gir1.2-glib-2.0 amd64 2.80.0-6ubuntu3.9 [183 kB]
2026-09-26T14:26:29.7037354Z Get:6 http://azure.archive.ubuntu.com/ubuntu noble-updates/main amd64 libglib2.0-0t64 amd64 2.80.0-6ubuntu3.9 [1547 kB]
2026-09-26T14:26:29.7438722Z Get:7 http://azure.archive.ubuntu.com/ubuntu noble/main amd64 fonts-freefont-ttf all 20211204+svn4273-2 [5641 kB]
2026-09-26T14:26:29.8207292Z Get:8 http://azure.archive.ubuntu.com/ubuntu noble/universe amd64 fonts-tlwg-loma-otf all 1:0.7.3-1 [107 kB]
2026-09-26T14:26:29.8494342Z Get:9 http://azure.archive.ubuntu.com/ubuntu noble/universe amd64 fonts-unifont all 1:15.1.01-1build1 [2993 kB]
2026-09-26T14:26:29.9026091Z Get:10 http://azure.archive.ubuntu.com/ubuntu noble/universe amd64 fonts-wqy-zenhei all 0.9.45-8 [7472 kB]
2026-09-26T14:26:29.9948591Z Get:11 http://azure.archive.ubuntu.com/ubuntu noble/main amd64 xfonts-encodings all 1:1.0.5-0ubuntu2 [578 kB]
2026-09-26T14:26:30.0270175Z Get:12 http://azure.archive.ubuntu.com/ubuntu noble/main amd64 xfonts-utils amd64 1:7.7+6build3 [94.4 kB]
2026-09-26T14:26:30.0551860Z Get:13 http://azure.archive.ubuntu.com/ubuntu noble/universe amd64 xfonts-cyrillic all 1:1.0.5+nmu1 [384 kB]
2026-09-26T14:26:30.0860983Z Get:14 http://azure.archive.ubuntu.com/ubuntu noble/main amd64 xfonts-scalable all 1:1.0.3-1.3 [304 kB]
2026-09-26T14:26:30.1156325Z Get:15 http://azure.archive.ubuntu.com/ubuntu noble-updates/main amd64 xserver-common all 2:21.1.12-1ubuntu1.8 [34.8 kB]
2026-09-26T14:26:30.1431764Z Get:16 http://azure.archive.ubuntu.com/ubuntu noble-updates/universe amd64 xvfb amd64 2:21.1.12-1ubuntu1.8 [877 kB]
2026-09-26T14:26:30.3250218Z Fetched 23.9 MB in 1s (35.0 MB/s)
2026-09-26T14:26:30.3423709Z Selecting previously unselected package fonts-ipafont-gothic.
2026-09-26T14:26:30.3682904Z (Reading database ... 
2026-09-26T14:26:30.3683112Z (Reading database ... 5%
2026-09-26T14:26:30.3683274Z (Reading database ... 10%
2026-09-26T14:26:30.3683417Z (Reading database ... 15%
2026-09-26T14:26:30.3683554Z (Reading database ... 20%
2026-09-26T14:26:30.3683688Z (Reading database ... 25%
2026-09-26T14:26:30.3683819Z (Reading database ... 30%
2026-09-26T14:26:30.3683952Z (Reading database ... 35%
2026-09-26T14:26:30.3684113Z (Reading database ... 40%
2026-09-26T14:26:30.3684251Z (Reading database ... 45%
2026-09-26T14:26:30.3684382Z (Reading database ... 50%
2026-09-26T14:26:30.3720342Z (Reading database ... 55%
2026-09-26T14:26:30.4463152Z (Reading database ... 60%
2026-09-26T14:26:30.6099608Z (Reading database ... 65%
2026-09-26T14:26:30.8060987Z (Reading database ... 70%
2026-09-26T14:26:30.9506190Z (Reading database ... 75%
2026-09-26T14:26:31.0764294Z (Reading database ... 80%
2026-09-26T14:26:31.1991744Z (Reading database ... 85%
2026-09-26T14:26:31.3585546Z (Reading database ... 90%
2026-09-26T14:26:31.4635662Z (Reading database ... 95%
2026-09-26T14:26:31.4635893Z (Reading database ... 100%
2026-09-26T14:26:31.4636141Z (Reading database ... 202190 files and directories currently installed.)
2026-09-26T14:26:31.4669525Z Preparing to unpack .../00-fonts-ipafont-gothic_00303-21ubuntu1_all.deb ...
2026-09-26T14:26:31.4742614Z Unpacking fonts-ipafont-gothic (00303-21ubuntu1) ...
2026-09-26T14:26:31.7021229Z Preparing to unpack .../01-libglib2.0-data_2.80.0-6ubuntu3.9_all.deb ...
2026-09-26T14:26:31.7036825Z Unpacking libglib2.0-data (2.80.0-6ubuntu3.9) over (2.80.0-6ubuntu3.8) ...
2026-09-26T14:26:31.7310047Z Preparing to unpack .../02-libglib2.0-bin_2.80.0-6ubuntu3.9_amd64.deb ...
2026-09-26T14:26:31.7326622Z Unpacking libglib2.0-bin (2.80.0-6ubuntu3.9) over (2.80.0-6ubuntu3.8) ...
2026-09-26T14:26:31.7731939Z Preparing to unpack .../03-gir1.2-glib-2.0_2.80.0-6ubuntu3.9_amd64.deb ...
2026-09-26T14:26:31.7747783Z Unpacking gir1.2-glib-2.0:amd64 (2.80.0-6ubuntu3.9) over (2.80.0-6ubuntu3.8) ...
2026-09-26T14:26:31.8056208Z Preparing to unpack .../04-libglib2.0-0t64_2.80.0-6ubuntu3.9_amd64.deb ...
2026-09-26T14:26:31.8110175Z Unpacking libglib2.0-0t64:amd64 (2.80.0-6ubuntu3.9) over (2.80.0-6ubuntu3.8) ...
2026-09-26T14:26:31.8711649Z Selecting previously unselected package fonts-freefont-ttf.
2026-09-26T14:26:31.8807335Z Preparing to unpack .../05-fonts-freefont-ttf_20211204+svn4273-2_all.deb ...
2026-09-26T14:26:31.8813088Z Unpacking fonts-freefont-ttf (20211204+svn4273-2) ...
2026-09-26T14:26:31.9705816Z Selecting previously unselected package fonts-tlwg-loma-otf.
2026-09-26T14:26:31.9800403Z Preparing to unpack .../06-fonts-tlwg-loma-otf_1%3a0.7.3-1_all.deb ...
2026-09-26T14:26:31.9805859Z Unpacking fonts-tlwg-loma-otf (1:0.7.3-1) ...
2026-09-26T14:26:31.9965968Z Selecting previously unselected package fonts-unifont.
2026-09-26T14:26:32.0059196Z Preparing to unpack .../07-fonts-unifont_1%3a15.1.01-1build1_all.deb ...
2026-09-26T14:26:32.0065087Z Unpacking fonts-unifont (1:15.1.01-1build1) ...
2026-09-26T14:26:32.2228284Z Selecting previously unselected package fonts-wqy-zenhei.
2026-09-26T14:26:32.2323988Z Preparing to unpack .../08-fonts-wqy-zenhei_0.9.45-8_all.deb ...
2026-09-26T14:26:32.2400439Z Unpacking fonts-wqy-zenhei (0.9.45-8) ...
2026-09-26T14:26:32.6615721Z Selecting previously unselected package xfonts-encodings.
2026-09-26T14:26:32.6710857Z Preparing to unpack .../09-xfonts-encodings_1%3a1.0.5-0ubuntu2_all.deb ...
2026-09-26T14:26:32.6717277Z Unpacking xfonts-encodings (1:1.0.5-0ubuntu2) ...
2026-09-26T14:26:32.6928740Z Selecting previously unselected package xfonts-utils.
2026-09-26T14:26:32.7021756Z Preparing to unpack .../10-xfonts-utils_1%3a7.7+6build3_amd64.deb ...
2026-09-26T14:26:32.7028135Z Unpacking xfonts-utils (1:7.7+6build3) ...
2026-09-26T14:26:32.7299237Z Selecting previously unselected package xfonts-cyrillic.
2026-09-26T14:26:32.7390726Z Preparing to unpack .../11-xfonts-cyrillic_1%3a1.0.5+nmu1_all.deb ...
2026-09-26T14:26:32.7397052Z Unpacking xfonts-cyrillic (1:1.0.5+nmu1) ...
2026-09-26T14:26:32.7812617Z Selecting previously unselected package xfonts-scalable.
2026-09-26T14:26:32.7903847Z Preparing to unpack .../12-xfonts-scalable_1%3a1.0.3-1.3_all.deb ...
2026-09-26T14:26:32.7909493Z Unpacking xfonts-scalable (1:1.0.3-1.3) ...
2026-09-26T14:26:32.8187861Z Preparing to unpack .../13-xserver-common_2%3a21.1.12-1ubuntu1.8_all.deb ...
2026-09-26T14:26:32.8238120Z Unpacking xserver-common (2:21.1.12-1ubuntu1.8) over (2:21.1.12-1ubuntu1.6) ...
2026-09-26T14:26:32.8608017Z Preparing to unpack .../14-xvfb_2%3a21.1.12-1ubuntu1.8_amd64.deb ...
2026-09-26T14:26:32.8625528Z Unpacking xvfb (2:21.1.12-1ubuntu1.8) over (2:21.1.12-1ubuntu1.6) ...
2026-09-26T14:26:33.0031187Z Setting up fonts-wqy-zenhei (0.9.45-8) ...
2026-09-26T14:26:33.0121237Z Setting up fonts-freefont-ttf (20211204+svn4273-2) ...
2026-09-26T14:26:33.0136643Z Setting up libglib2.0-0t64:amd64 (2.80.0-6ubuntu3.9) ...
2026-09-26T14:26:33.0224453Z Setting up libglib2.0-data (2.80.0-6ubuntu3.9) ...
2026-09-26T14:26:33.0310372Z Setting up fonts-tlwg-loma-otf (1:0.7.3-1) ...
2026-09-26T14:26:33.0401217Z Setting up xfonts-encodings (1:1.0.5-0ubuntu2) ...
2026-09-26T14:26:33.0415846Z Setting up gir1.2-glib-2.0:amd64 (2.80.0-6ubuntu3.9) ...
2026-09-26T14:26:33.0429903Z Setting up fonts-ipafont-gothic (00303-21ubuntu1) ...
2026-09-26T14:26:33.0477563Z update-alternatives: using /usr/share/fonts/opentype/ipafont-gothic/ipag.ttf to provide /usr/share/fonts/truetype/fonts-japanese-gothic.ttf (fonts-japanese-gothic.ttf) in auto mode
2026-09-26T14:26:33.0490345Z Setting up xserver-common (2:21.1.12-1ubuntu1.8) ...
2026-09-26T14:26:33.0505211Z Setting up fonts-unifont (1:15.1.01-1build1) ...
2026-09-26T14:26:33.0520212Z Setting up xvfb (2:21.1.12-1ubuntu1.8) ...
2026-09-26T14:26:33.0536197Z Setting up libglib2.0-bin (2.80.0-6ubuntu3.9) ...
2026-09-26T14:26:33.0551132Z Setting up xfonts-utils (1:7.7+6build3) ...
2026-09-26T14:26:33.0583603Z Setting up xfonts-cyrillic (1:1.0.5+nmu1) ...
2026-09-26T14:26:33.0817052Z Setting up xfonts-scalable (1:1.0.3-1.3) ...
2026-09-26T14:26:33.1027033Z Processing triggers for libc-bin (2.39-0ubuntu8.9) ...
2026-09-26T14:26:33.3017700Z Processing triggers for man-db (2.12.0-4build2) ...
2026-09-26T14:26:33.3034848Z Not building database; man-db/auto-update is not 'true'.
2026-09-26T14:26:33.3043426Z Processing triggers for fontconfig (2.15.0-1.1ubuntu2) ...
2026-09-26T14:26:33.9033877Z 
2026-09-26T14:26:33.9034399Z Running kernel seems to be up-to-date.
2026-09-26T14:26:33.9034817Z 
2026-09-26T14:26:33.9034886Z Restarting services...
2026-09-26T14:26:33.9380607Z  systemctl restart packagekit.service php8.3-fpm.service polkit.service udisks2.service
2026-09-26T14:26:34.1031551Z 
2026-09-26T14:26:34.1032225Z Service restarts being deferred:
2026-09-26T14:26:34.1032641Z  systemctl restart ModemManager.service
2026-09-26T14:26:34.1033012Z  systemctl restart networkd-dispatcher.service
2026-09-26T14:26:34.1033238Z 
2026-09-26T14:26:34.1033534Z No containers need to be restarted.
2026-09-26T14:26:34.1033710Z 
2026-09-26T14:26:34.1033866Z No user sessions are running outdated binaries.
2026-09-26T14:26:34.1034047Z 
2026-09-26T14:26:34.1034294Z No VM guests are running outdated hypervisor (qemu) binaries on this host.
2026-09-26T14:26:34.8935291Z Downloading Chromium 143.0.7499.4 (playwright build v1200) from https://cdn.playwright.dev/dbazure/download/playwright/builds/chromium/1200/chromium-linux.zip
2026-09-26T14:26:34.9565323Z (node:2978) [DEP0169] DeprecationWarning: `url.parse()` behavior is not standardized and prone to errors that have security implications. Use the WHATWG URL API instead. CVEs are not issued for `url.parse()` vulnerabilities.
2026-09-26T14:26:34.9566268Z (Use `node --trace-deprecation ...` to show where the warning was created)
2026-09-26T14:26:35.0988007Z |                                                                                |   0% of 164.7 MiB
2026-09-26T14:26:35.3750224Z |■■■■■■■■                                                                        |  10% of 164.7 MiB
2026-09-26T14:26:35.4293562Z |■■■■■■■■■■■■■■■■                                                                |  20% of 164.7 MiB
2026-09-26T14:26:35.4843527Z |■■■■■■■■■■■■■■■■■■■■■■■■                                                        |  30% of 164.7 MiB
2026-09-26T14:26:35.5644463Z |■■■■■■■■■■■■■■■■■■■■■■■■■■■■■■■■                                                |  40% of 164.7 MiB
2026-09-26T14:26:35.6299067Z |■■■■■■■■■■■■■■■■■■■■■■■■■■■■■■■■■■■■■■■■                                        |  50% of 164.7 MiB
2026-09-26T14:26:35.6917370Z |■■■■■■■■■■■■■■■■■■■■■■■■■■■■■■■■■■■■■■■■■■■■■■■■                                |  60% of 164.7 MiB
2026-09-26T14:26:35.7749146Z |■■■■■■■■■■■■■■■■■■■■■■■■■■■■■■■■■■■■■■■■■■■■■■■■■■■■■■■■                        |  70% of 164.7 MiB
2026-09-26T14:26:35.8200256Z |■■■■■■■■■■■■■■■■■■■■■■■■■■■■■■■■■■■■■■■■■■■■■■■■■■■■■■■■■■■■■■■■                |  80% of 164.7 MiB
2026-09-26T14:26:35.8710134Z |■■■■■■■■■■■■■■■■■■■■■■■■■■■■■■■■■■■■■■■■■■■■■■■■■■■■■■■■■■■■■■■■■■■■■■■■        |  90% of 164.7 MiB
2026-09-26T14:26:35.9185666Z |■■■■■■■■■■■■■■■■■■■■■■■■■■■■■■■■■■■■■■■■■■■■■■■■■■■■■■■■■■■■■■■■■■■■■■■■■■■■■■■■| 100% of 164.7 MiB
2026-09-26T14:26:37.5606691Z Chromium 143.0.7499.4 (playwright build v1200) downloaded to /home/runner/.cache/ms-playwright/chromium-1200
2026-09-26T14:26:37.5609374Z Downloading FFMPEG playwright build v1011 from https://cdn.playwright.dev/dbazure/download/playwright/builds/ffmpeg/1011/ffmpeg-linux.zip
2026-09-26T14:26:37.6237208Z (node:2989) [DEP0169] DeprecationWarning: `url.parse()` behavior is not standardized and prone to errors that have security implications. Use the WHATWG URL API instead. CVEs are not issued for `url.parse()` vulnerabilities.
2026-09-26T14:26:37.6238407Z (Use `node --trace-deprecation ...` to show where the warning was created)
2026-09-26T14:26:37.7104169Z |                                                                                |   0% of 2.3 MiB
2026-09-26T14:26:37.7437374Z |■■■■■■■■                                                                        |  10% of 2.3 MiB
2026-09-26T14:26:37.7531884Z |■■■■■■■■■■■■■■■■                                                                |  20% of 2.3 MiB
2026-09-26T14:26:37.7622117Z |■■■■■■■■■■■■■■■■■■■■■■■■                                                        |  30% of 2.3 MiB
2026-09-26T14:26:37.7733103Z |■■■■■■■■■■■■■■■■■■■■■■■■■■■■■■■■                                                |  40% of 2.3 MiB
2026-09-26T14:26:37.7833387Z |■■■■■■■■■■■■■■■■■■■■■■■■■■■■■■■■■■■■■■■■                                        |  50% of 2.3 MiB
2026-09-26T14:26:37.7934722Z |■■■■■■■■■■■■■■■■■■■■■■■■■■■■■■■■■■■■■■■■■■■■■■■■                                |  60% of 2.3 MiB
2026-09-26T14:26:37.8041151Z |■■■■■■■■■■■■■■■■■■■■■■■■■■■■■■■■■■■■■■■■■■■■■■■■■■■■■■■■                        |  70% of 2.3 MiB
2026-09-26T14:26:37.8140275Z |■■■■■■■■■■■■■■■■■■■■■■■■■■■■■■■■■■■■■■■■■■■■■■■■■■■■■■■■■■■■■■■■                |  80% of 2.3 MiB
2026-09-26T14:26:37.8237317Z |■■■■■■■■■■■■■■■■■■■■■■■■■■■■■■■■■■■■■■■■■■■■■■■■■■■■■■■■■■■■■■■■■■■■■■■■        |  90% of 2.3 MiB
2026-09-26T14:26:37.8342962Z |■■■■■■■■■■■■■■■■■■■■■■■■■■■■■■■■■■■■■■■■■■■■■■■■■■■■■■■■■■■■■■■■■■■■■■■■■■■■■■■■| 100% of 2.3 MiB
2026-09-26T14:26:37.8703995Z FFMPEG playwright build v1011 downloaded to /home/runner/.cache/ms-playwright/ffmpeg-1011
2026-09-26T14:26:37.8706700Z Downloading Chromium Headless Shell 143.0.7499.4 (playwright build v1200) from https://cdn.playwright.dev/dbazure/download/playwright/builds/chromium/1200/chromium-headless-shell-linux.zip
2026-09-26T14:26:37.9377575Z (node:3000) [DEP0169] DeprecationWarning: `url.parse()` behavior is not standardized and prone to errors that have security implications. Use the WHATWG URL API instead. CVEs are not issued for `url.parse()` vulnerabilities.
2026-09-26T14:26:38.4955952Z (Use `node --trace-deprecation ...` to show where the warning was created)
2026-09-26T14:26:38.4956521Z |                                                                                |   0% of 109.7 MiB
2026-09-26T14:26:38.7678533Z |■■■■■■■■                                                                        |  10% of 109.7 MiB
2026-09-26T14:26:38.8117270Z |■■■■■■■■■■■■■■■■                                                                |  20% of 109.7 MiB
2026-09-26T14:26:38.8454457Z |■■■■■■■■■■■■■■■■■■■■■■■■                                                        |  30% of 109.7 MiB
2026-09-26T14:26:38.8723549Z |■■■■■■■■■■■■■■■■■■■■■■■■■■■■■■■■                                                |  40% of 109.7 MiB
2026-09-26T14:26:38.8982537Z |■■■■■■■■■■■■■■■■■■■■■■■■■■■■■■■■■■■■■■■■                                        |  50% of 109.7 MiB
2026-09-26T14:26:38.9217577Z |■■■■■■■■■■■■■■■■■■■■■■■■■■■■■■■■■■■■■■■■■■■■■■■■                                |  60% of 109.7 MiB
2026-09-26T14:26:38.9451764Z |■■■■■■■■■■■■■■■■■■■■■■■■■■■■■■■■■■■■■■■■■■■■■■■■■■■■■■■■                        |  70% of 109.7 MiB
2026-09-26T14:26:38.9690680Z |■■■■■■■■■■■■■■■■■■■■■■■■■■■■■■■■■■■■■■■■■■■■■■■■■■■■■■■■■■■■■■■■                |  80% of 109.7 MiB
2026-09-26T14:26:38.9918001Z |■■■■■■■■■■■■■■■■■■■■■■■■■■■■■■■■■■■■■■■■■■■■■■■■■■■■■■■■■■■■■■■■■■■■■■■■        |  90% of 109.7 MiB
2026-09-26T14:26:39.0182090Z |■■■■■■■■■■■■■■■■■■■■■■■■■■■■■■■■■■■■■■■■■■■■■■■■■■■■■■■■■■■■■■■■■■■■■■■■■■■■■■■■| 100% of 109.7 MiB
2026-09-26T14:26:40.2340955Z Chromium Headless Shell 143.0.7499.4 (playwright build v1200) downloaded to /home/runner/.cache/ms-playwright/chromium_headless_shell-1200
2026-09-26T14:26:41.1640088Z 
2026-09-26T14:26:41.1640706Z added 1 package in 884ms
2026-09-26T14:26:41.7768620Z Google Chrome for Testing 143.0.7499.4 
2026-09-26T14:26:41.7844004Z ##[group]Run set -euo pipefail
2026-09-26T14:26:41.7844204Z [36;1mset -euo pipefail[0m
2026-09-26T14:26:41.7844357Z [36;1mmkdir -p "$RUNNER_TEMP/game15-evidence"[0m
2026-09-26T14:26:41.7844575Z [36;1mgit rev-parse HEAD > "$RUNNER_TEMP/game15-evidence/COMMIT.txt"[0m
2026-09-26T14:26:41.7844786Z [36;1mcd .validation/game-section15[0m
2026-09-26T14:26:41.7845005Z [36;1m# Supervisor switches Chromium to the existing unprivileged worker account.[0m
2026-09-26T14:26:41.7845386Z [36;1msudo env PATH="$PATH" GITHUB_SHA="$GITHUB_SHA" BIE_GAME_EVIDENCE="$RUNNER_TEMP/game15-evidence" PYTHONDONTWRITEBYTECODE=1 \[0m
2026-09-26T14:26:41.7845736Z [36;1m  "$(command -v python)" -X utf8 -B scripts/verify_h6_linux.py[0m
2026-09-26T14:26:41.7898880Z shell: /usr/bin/bash -e {0}
2026-09-26T14:26:41.7899048Z env:
2026-09-26T14:26:41.7899169Z   PYTHONDONTWRITEBYTECODE: 1
2026-09-26T14:26:41.7899354Z   pythonLocation: /opt/hostedtoolcache/Python/3.13.5/x64
2026-09-26T14:26:41.7899619Z   PKG_CONFIG_PATH: /opt/hostedtoolcache/Python/3.13.5/x64/lib/pkgconfig
2026-09-26T14:26:41.7899843Z   Python_ROOT_DIR: /opt/hostedtoolcache/Python/3.13.5/x64
2026-09-26T14:26:41.7900043Z   Python2_ROOT_DIR: /opt/hostedtoolcache/Python/3.13.5/x64
2026-09-26T14:26:41.7900243Z   Python3_ROOT_DIR: /opt/hostedtoolcache/Python/3.13.5/x64
2026-09-26T14:26:41.7900445Z   LD_LIBRARY_PATH: /opt/hostedtoolcache/Python/3.13.5/x64/lib
2026-09-26T14:26:41.7900620Z ##[endgroup]
2026-09-26T14:26:43.7948202Z {"module": "tests.build_runtime_engine.test_browser_quality", "run": 5, "failures": 0, "errors": 0, "skips": 0, "passed": true, "seconds": 1.8}
2026-09-26T14:26:47.7756569Z {"module": "tests.build_runtime_engine.test_build_001", "run": 10, "failures": 0, "errors": 0, "skips": 0, "passed": true, "seconds": 3.981}
2026-09-26T14:26:49.2437879Z {"module": "tests.build_runtime_engine.test_build_002", "run": 7, "failures": 0, "errors": 0, "skips": 0, "passed": true, "seconds": 1.468}
2026-09-26T14:26:49.2551113Z {"module": "tests.build_runtime_engine.test_build_003", "run": 6, "failures": 0, "errors": 0, "skips": 0, "passed": true, "seconds": 0.011}
2026-09-26T14:26:49.2692181Z {"module": "tests.build_runtime_engine.test_build_004", "run": 6, "failures": 0, "errors": 0, "skips": 0, "passed": true, "seconds": 0.014}
2026-09-26T14:26:50.4496566Z {"module": "tests.build_runtime_engine.test_build_005", "run": 6, "failures": 0, "errors": 0, "skips": 0, "passed": true, "seconds": 1.18}
2026-09-26T14:26:51.6300168Z {"module": "tests.build_runtime_engine.test_exception_security", "run": 5, "failures": 0, "errors": 0, "skips": 0, "passed": true, "seconds": 1.18}
2026-09-26T14:26:55.3369842Z {"module": "tests.build_runtime_engine.test_module_graph", "run": 6, "failures": 0, "errors": 0, "skips": 0, "passed": true, "seconds": 3.707}
2026-09-26T14:26:57.2758788Z {"module": "tests.build_runtime_engine.test_package_integrity", "run": 5, "failures": 0, "errors": 1, "skips": 0, "passed": false, "seconds": 1.871}
2026-09-26T14:27:00.2915326Z {"module": "tests.build_runtime_engine.test_pipeline", "run": 6, "failures": 0, "errors": 0, "skips": 0, "passed": true, "seconds": 3.015}
2026-09-26T14:27:01.3215334Z {"module": "tests.build_runtime_engine.test_process_bounds", "run": 3, "failures": 0, "errors": 0, "skips": 0, "passed": true, "seconds": 1.029}
2026-09-26T14:27:01.3229183Z {"module": "tests.build_runtime_engine.test_toolchain", "run": 4, "failures": 0, "errors": 0, "skips": 0, "passed": true, "seconds": 0.001}
2026-09-26T14:27:01.3239260Z {"module": "tests.build_runtime_engine.test_workspace_security", "run": 6, "failures": 0, "errors": 0, "skips": 0, "passed": true, "seconds": 0.001}
2026-09-26T14:27:01.3342516Z {"module": "tests.compiler_engine.test_asset_manifest", "run": 2, "failures": 0, "errors": 0, "skips": 0, "passed": true, "seconds": 0.002}
2026-09-26T14:27:01.3397674Z {"module": "tests.compiler_engine.test_bie_game_comp_001", "run": 5, "failures": 0, "errors": 0, "skips": 0, "passed": true, "seconds": 0.005}
2026-09-26T14:27:01.3470009Z {"module": "tests.compiler_engine.test_bie_game_comp_002", "run": 6, "failures": 0, "errors": 0, "skips": 0, "passed": true, "seconds": 0.007}
2026-09-26T14:27:01.3500453Z {"module": "tests.compiler_engine.test_bie_game_comp_003", "run": 6, "failures": 0, "errors": 0, "skips": 0, "passed": true, "seconds": 0.003}
2026-09-26T14:27:01.3528275Z {"module": "tests.compiler_engine.test_bie_game_comp_004", "run": 6, "failures": 0, "errors": 0, "skips": 0, "passed": true, "seconds": 0.002}
2026-09-26T14:27:01.3558354Z {"module": "tests.compiler_engine.test_bie_game_comp_005", "run": 6, "failures": 0, "errors": 0, "skips": 0, "passed": true, "seconds": 0.003}
2026-09-26T14:27:01.3597294Z {"module": "tests.compiler_engine.test_bie_game_comp_006", "run": 6, "failures": 0, "errors": 0, "skips": 0, "passed": true, "seconds": 0.004}
2026-09-26T14:27:01.3625921Z {"module": "tests.compiler_engine.test_bie_game_comp_007", "run": 6, "failures": 0, "errors": 0, "skips": 0, "passed": true, "seconds": 0.002}
2026-09-26T14:27:01.3657274Z {"module": "tests.compiler_engine.test_bie_game_comp_008", "run": 7, "failures": 0, "errors": 0, "skips": 0, "passed": true, "seconds": 0.003}
2026-09-26T14:27:01.3686331Z {"module": "tests.compiler_engine.test_bie_game_comp_009", "run": 6, "failures": 0, "errors": 0, "skips": 0, "passed": true, "seconds": 0.003}
2026-09-26T14:27:01.3717544Z {"module": "tests.compiler_engine.test_bie_game_comp_010", "run": 7, "failures": 0, "errors": 0, "skips": 0, "passed": true, "seconds": 0.003}
2026-09-26T14:27:01.3732470Z {"module": "tests.compiler_engine.test_bootstrap", "run": 2, "failures": 0, "errors": 0, "skips": 0, "passed": true, "seconds": 0.001}
2026-09-26T14:27:01.3747719Z {"module": "tests.compiler_engine.test_bootstrap_full_bindings", "run": 2, "failures": 0, "errors": 0, "skips": 0, "passed": true, "seconds": 0.001}
2026-09-26T14:27:01.3917981Z {"module": "tests.compiler_engine.test_compiler_adversarial", "run": 20, "failures": 0, "errors": 0, "skips": 0, "passed": true, "seconds": 0.017}
2026-09-26T14:27:01.4375033Z {"module": "tests.compiler_engine.test_compiler_architecture", "run": 6, "failures": 0, "errors": 0, "skips": 0, "passed": true, "seconds": 0.045}
2026-09-26T14:27:01.4384550Z {"module": "tests.compiler_engine.test_expression_codegen", "run": 3, "failures": 0, "errors": 0, "skips": 0, "passed": true, "seconds": 0.001}
2026-09-26T14:27:01.4513014Z {"module": "tests.compiler_engine.test_pipeline_security", "run": 2, "failures": 0, "errors": 0, "skips": 0, "passed": true, "seconds": 0.012}
2026-09-26T14:27:01.9370104Z {"module": "tests.compiler_engine.test_real_html_browser_smoke", "run": 1, "failures": 0, "errors": 0, "skips": 0, "passed": true, "seconds": 0.485}
2026-09-26T14:27:02.7752602Z {"module": "tests.compiler_engine.test_real_typescript_compile", "run": 1, "failures": 0, "errors": 0, "skips": 0, "passed": true, "seconds": 0.838}
2026-09-26T14:27:02.8135369Z {"module": "tests.compiler_engine.test_runtime_dependency_graph", "run": 6, "failures": 0, "errors": 0, "skips": 0, "passed": true, "seconds": 0.038}
2026-09-26T14:27:02.8147179Z {"module": "tests.compiler_engine.test_source_map", "run": 1, "failures": 0, "errors": 0, "skips": 0, "passed": true, "seconds": 0.001}
2026-09-26T14:27:02.8261238Z {"module": "tests.dsl_core.test_codec", "run": 7, "failures": 0, "errors": 0, "skips": 0, "passed": true, "seconds": 0.003}
2026-09-26T14:27:02.8281982Z {"module": "tests.dsl_core.test_document_quality", "run": 7, "failures": 0, "errors": 0, "skips": 0, "passed": true, "seconds": 0.002}
2026-09-26T14:27:02.8313353Z {"module": "tests.dsl_core.test_expressions", "run": 8, "failures": 0, "errors": 0, "skips": 0, "passed": true, "seconds": 0.001}
2026-09-26T14:27:02.8345997Z {"module": "tests.dsl_core.test_feedback_adaptation", "run": 5, "failures": 0, "errors": 0, "skips": 0, "passed": true, "seconds": 0.001}
2026-09-26T14:27:02.8357716Z {"module": "tests.dsl_core.test_ids_canonical", "run": 11, "failures": 0, "errors": 0, "skips": 0, "passed": true, "seconds": 0.001}
2026-09-26T14:27:02.8368945Z {"module": "tests.dsl_core.test_interaction", "run": 7, "failures": 0, "errors": 0, "skips": 0, "passed": true, "seconds": 0.001}
2026-09-26T14:27:02.8379651Z {"module": "tests.dsl_core.test_learning_state", "run": 8, "failures": 0, "errors": 0, "skips": 0, "passed": true, "seconds": 0.001}
2026-09-26T14:27:02.8389244Z {"module": "tests.dsl_core.test_provenance", "run": 5, "failures": 0, "errors": 0, "skips": 0, "passed": true, "seconds": 0.001}
2026-09-26T14:27:02.8416371Z {"module": "tests.dsl_core.test_registry_compat_receipt", "run": 7, "failures": 0, "errors": 0, "skips": 0, "passed": true, "seconds": 0.002}
2026-09-26T14:27:02.8467253Z {"module": "tests.dsl_core.test_validation", "run": 3, "failures": 0, "errors": 0, "skips": 0, "passed": true, "seconds": 0.005}
2026-09-26T14:27:02.8479090Z {"module": "tests.dsl_core.test_visual_audio", "run": 8, "failures": 0, "errors": 0, "skips": 0, "passed": true, "seconds": 0.001}
2026-09-26T14:27:02.8507552Z {"module": "tests.hardening_h1.test_action_router", "run": 6, "failures": 0, "errors": 0, "skips": 0, "passed": true, "seconds": 0.002}
2026-09-26T14:27:02.8579615Z {"module": "tests.hardening_h1.test_compiled_runtime_controller", "run": 6, "failures": 0, "errors": 0, "skips": 0, "passed": true, "seconds": 0.007}
2026-09-26T14:27:02.8855344Z {"module": "tests.hardening_h1.test_generic_candidate_build", "run": 4, "failures": 0, "errors": 0, "skips": 0, "passed": true, "seconds": 0.027}
2026-09-26T14:27:03.9547690Z {"module": "tests.hardening_h1.test_real_browser_gameplay", "run": 1, "failures": 0, "errors": 0, "skips": 0, "passed": true, "seconds": 1.069}
2026-09-26T14:27:05.0307778Z {"module": "tests.hardening_h1.test_rich_semantic_visuals", "run": 1, "failures": 0, "errors": 0, "skips": 0, "passed": true, "seconds": 1.075}
2026-09-26T14:27:08.0656217Z {"module": "tests.hardening_h2.test_candidate_qa", "run": 12, "failures": 0, "errors": 0, "skips": 0, "passed": true, "seconds": 3.034}
2026-09-26T14:27:08.0707739Z {"module": "tests.hardening_h2.test_canonical_adapters", "run": 10, "failures": 0, "errors": 0, "skips": 0, "passed": true, "seconds": 0.005}
2026-09-26T14:27:08.0783594Z {"module": "tests.hardening_h2.test_h2_architecture", "run": 5, "failures": 0, "errors": 0, "skips": 0, "passed": true, "seconds": 0.007}
2026-09-26T14:27:08.0920776Z {"module": "tests.hardening_h2.test_materializer", "run": 10, "failures": 0, "errors": 0, "skips": 0, "passed": true, "seconds": 0.013}
2026-09-26T14:27:09.1871846Z {"module": "tests.hardening_h3.test_h3_assets", "run": 2, "failures": 0, "errors": 0, "skips": 0, "passed": true, "seconds": 1.095}
2026-09-26T14:27:10.7906529Z {"module": "tests.hardening_h3.test_h3_deployment", "run": 8, "failures": 0, "errors": 0, "skips": 0, "passed": true, "seconds": 1.603}
2026-09-26T14:27:13.0195375Z {"module": "tests.hardening_h3.test_h3_manifest", "run": 4, "failures": 0, "errors": 0, "skips": 0, "passed": true, "seconds": 2.228}
2026-09-26T14:27:13.1312999Z {"module": "tests.hardening_h3.test_h3_process", "run": 7, "failures": 0, "errors": 0, "skips": 0, "passed": true, "seconds": 0.111}
2026-09-26T14:27:14.2313570Z {"module": "tests.hardening_h3.test_h3_sandbox", "run": 9, "failures": 0, "errors": 0, "skips": 0, "passed": true, "seconds": 1.099}
2026-09-26T14:27:14.2443549Z {"module": "tests.hardening_h4.test_accessibility_localization", "run": 7, "failures": 0, "errors": 0, "skips": 0, "passed": true, "seconds": 0.013}
2026-09-26T14:27:14.2486742Z {"module": "tests.hardening_h4.test_architecture", "run": 3, "failures": 0, "errors": 0, "skips": 0, "passed": true, "seconds": 0.004}
2026-09-26T14:27:15.3685598Z {"module": "tests.hardening_h4.test_audio_runtime", "run": 7, "failures": 0, "errors": 0, "skips": 0, "passed": true, "seconds": 1.117}
2026-09-26T14:27:17.6285782Z {"module": "tests.hardening_h4.test_performance_runtime", "run": 3, "failures": 0, "errors": 0, "skips": 0, "passed": true, "seconds": 2.259}
2026-09-26T14:27:18.2091462Z {"module": "tests.hardening_h4.test_rights", "run": 5, "failures": 0, "errors": 0, "skips": 0, "passed": true, "seconds": 0.58}
2026-09-26T14:27:18.2236693Z {"module": "tests.hardening_h5.test_architecture", "run": 3, "failures": 0, "errors": 0, "skips": 0, "passed": true, "seconds": 0.014}
2026-09-26T14:27:18.2393636Z {"module": "tests.hardening_h5.test_canonical_bindings", "run": 4, "failures": 0, "errors": 0, "skips": 0, "passed": true, "seconds": 0.015}
2026-09-26T14:27:18.3061829Z {"module": "tests.hardening_h5.test_durable_store", "run": 5, "failures": 0, "errors": 0, "skips": 0, "passed": true, "seconds": 0.066}
2026-09-26T14:27:18.3092172Z {"module": "tests.hardening_h5.test_mastery", "run": 7, "failures": 0, "errors": 0, "skips": 0, "passed": true, "seconds": 0.003}
2026-09-26T14:27:38.3973729Z {"module": "tests.hardening_h5.test_pipeline", "run": 6, "failures": 0, "errors": 0, "skips": 0, "passed": true, "seconds": 20.088}
2026-09-26T14:27:41.5135885Z {"module": "tests.hardening_h5.test_runtime_telemetry_callback", "run": 1, "failures": 0, "errors": 0, "skips": 0, "passed": true, "seconds": 3.116}
2026-09-26T14:27:41.5166412Z {"module": "tests.hardening_h5.test_telemetry", "run": 7, "failures": 0, "errors": 0, "skips": 0, "passed": true, "seconds": 0.003}
2026-09-26T14:27:41.6143411Z {"module": "tests.hardening_h6.test_dsl_traceability", "run": 11, "failures": 0, "errors": 0, "skips": 0, "passed": true, "seconds": 0.097}
2026-09-26T14:27:41.6237704Z {"module": "tests.hardening_h6.test_legacy_canonical_contracts", "run": 10, "failures": 0, "errors": 0, "skips": 0, "passed": true, "seconds": 0.009}
2026-09-26T14:27:41.7491350Z {"module": "tests.hardening_h6.test_legacy_migration", "run": 23, "failures": 0, "errors": 0, "skips": 0, "passed": true, "seconds": 0.125}
2026-09-26T14:27:42.3340542Z {"module": "tests.hardening_h6.test_legacy_properties", "run": 4, "failures": 0, "errors": 0, "skips": 0, "passed": true, "seconds": 0.584}
2026-09-26T14:27:42.3441237Z {"module": "tests.hardening_h6.test_react_vendor", "run": 8, "failures": 0, "errors": 0, "skips": 0, "passed": true, "seconds": 0.01}
2026-09-26T14:27:42.3467875Z {"module": "tests.mechanics_engine.test_bie_game_mech_001", "run": 10, "failures": 0, "errors": 0, "skips": 0, "passed": true, "seconds": 0.002}
2026-09-26T14:27:42.3489267Z {"module": "tests.mechanics_engine.test_bie_game_mech_002", "run": 10, "failures": 0, "errors": 0, "skips": 0, "passed": true, "seconds": 0.002}
2026-09-26T14:27:42.3509929Z {"module": "tests.mechanics_engine.test_bie_game_mech_003", "run": 10, "failures": 0, "errors": 0, "skips": 0, "passed": true, "seconds": 0.002}
2026-09-26T14:27:42.3530153Z {"module": "tests.mechanics_engine.test_bie_game_mech_004", "run": 10, "failures": 0, "errors": 0, "skips": 0, "passed": true, "seconds": 0.002}
2026-09-26T14:27:42.3551430Z {"module": "tests.mechanics_engine.test_bie_game_mech_005", "run": 10, "failures": 0, "errors": 0, "skips": 0, "passed": true, "seconds": 0.002}
2026-09-26T14:27:42.3571540Z {"module": "tests.mechanics_engine.test_bie_game_mech_006", "run": 10, "failures": 0, "errors": 0, "skips": 0, "passed": true, "seconds": 0.002}
2026-09-26T14:27:42.3593593Z {"module": "tests.mechanics_engine.test_bie_game_mech_007", "run": 10, "failures": 0, "errors": 0, "skips": 0, "passed": true, "seconds": 0.002}
2026-09-26T14:27:42.3614087Z {"module": "tests.mechanics_engine.test_bie_game_mech_008", "run": 10, "failures": 0, "errors": 0, "skips": 0, "passed": true, "seconds": 0.002}
2026-09-26T14:27:42.3634160Z {"module": "tests.mechanics_engine.test_bie_game_mech_009", "run": 10, "failures": 0, "errors": 0, "skips": 0, "passed": true, "seconds": 0.002}
2026-09-26T14:27:42.3655023Z {"module": "tests.mechanics_engine.test_bie_game_mech_010", "run": 10, "failures": 0, "errors": 0, "skips": 0, "passed": true, "seconds": 0.002}
2026-09-26T14:27:42.3674805Z {"module": "tests.mechanics_engine.test_bie_game_mech_011", "run": 10, "failures": 0, "errors": 0, "skips": 0, "passed": true, "seconds": 0.002}
2026-09-26T14:27:42.3694611Z {"module": "tests.mechanics_engine.test_bie_game_mech_012", "run": 10, "failures": 0, "errors": 0, "skips": 0, "passed": true, "seconds": 0.002}
2026-09-26T14:27:42.3713711Z {"module": "tests.mechanics_engine.test_bie_game_mech_013", "run": 10, "failures": 0, "errors": 0, "skips": 0, "passed": true, "seconds": 0.002}
2026-09-26T14:27:42.3734099Z {"module": "tests.mechanics_engine.test_bie_game_mech_014", "run": 10, "failures": 0, "errors": 0, "skips": 0, "passed": true, "seconds": 0.002}
2026-09-26T14:27:42.3753383Z {"module": "tests.mechanics_engine.test_bie_game_mech_015", "run": 10, "failures": 0, "errors": 0, "skips": 0, "passed": true, "seconds": 0.002}
2026-09-26T14:27:42.3773753Z {"module": "tests.mechanics_engine.test_bie_game_mech_016", "run": 10, "failures": 0, "errors": 0, "skips": 0, "passed": true, "seconds": 0.002}
2026-09-26T14:27:42.3794255Z {"module": "tests.mechanics_engine.test_bie_game_mech_017", "run": 10, "failures": 0, "errors": 0, "skips": 0, "passed": true, "seconds": 0.002}
2026-09-26T14:27:42.3804657Z {"module": "tests.mechanics_engine.test_input_contracts", "run": 8, "failures": 0, "errors": 0, "skips": 0, "passed": true, "seconds": 0.001}
2026-09-26T14:27:42.3942317Z {"module": "tests.mechanics_engine.test_mechanics_architecture", "run": 5, "failures": 0, "errors": 0, "skips": 0, "passed": true, "seconds": 0.013}
2026-09-26T14:27:42.3953583Z {"module": "tests.mechanics_engine.test_mechanics_receipts", "run": 2, "failures": 0, "errors": 0, "skips": 0, "passed": true, "seconds": 0.001}
2026-09-26T14:27:42.3970805Z {"module": "tests.mechanics_engine.test_reset", "run": 2, "failures": 0, "errors": 0, "skips": 0, "passed": true, "seconds": 0.001}
2026-09-26T14:27:42.3981021Z {"module": "tests.mechanics_engine.test_retrieval_answer_safety", "run": 2, "failures": 0, "errors": 0, "skips": 0, "passed": true, "seconds": 0.001}
2026-09-26T14:27:42.3992052Z {"module": "tests.mechanics_engine.test_semantic_events", "run": 2, "failures": 0, "errors": 0, "skips": 0, "passed": true, "seconds": 0.001}
2026-09-26T14:27:42.4011746Z {"module": "tests.mechanics_engine.test_state_bridge", "run": 5, "failures": 0, "errors": 0, "skips": 0, "passed": true, "seconds": 0.002}
2026-09-26T14:27:42.4023191Z {"module": "tests.qa_engine.test_contracts_policy", "run": 5, "failures": 0, "errors": 0, "skips": 0, "passed": true, "seconds": 0.001}
2026-09-26T14:27:42.5340053Z {"module": "tests.qa_engine.test_qa_001_learning_coverage", "run": 8, "failures": 0, "errors": 0, "skips": 0, "passed": true, "seconds": 0.131}
2026-09-26T14:27:42.5442497Z {"module": "tests.qa_engine.test_qa_002_rule_correctness", "run": 7, "failures": 0, "errors": 0, "skips": 0, "passed": true, "seconds": 0.01}
2026-09-26T14:27:42.5461654Z {"module": "tests.qa_engine.test_qa_003_reachability", "run": 7, "failures": 0, "errors": 0, "skips": 0, "passed": true, "seconds": 0.001}
2026-09-26T14:27:42.5482405Z {"module": "tests.qa_engine.test_qa_004_impossible_states", "run": 7, "failures": 0, "errors": 0, "skips": 0, "passed": true, "seconds": 0.002}
2026-09-26T14:27:42.5639820Z {"module": "tests.qa_engine.test_qa_005_misconception", "run": 7, "failures": 0, "errors": 0, "skips": 0, "passed": true, "seconds": 0.015}
2026-09-26T14:27:42.5675190Z {"module": "tests.qa_engine.test_qa_006_feedback", "run": 6, "failures": 0, "errors": 0, "skips": 0, "passed": true, "seconds": 0.003}
2026-09-26T14:27:45.3105303Z {"module": "tests.qa_engine.test_qa_007_accessibility", "run": 7, "failures": 0, "errors": 0, "skips": 0, "passed": true, "seconds": 2.742}
2026-09-26T14:27:45.3159486Z {"module": "tests.qa_engine.test_qa_008_runtime", "run": 7, "failures": 0, "errors": 0, "skips": 0, "passed": true, "seconds": 0.005}
2026-09-26T14:27:45.3325212Z {"module": "tests.qa_engine.test_qa_009_multidomain", "run": 7, "failures": 0, "errors": 0, "skips": 0, "passed": true, "seconds": 0.016}
2026-09-26T14:27:46.0174461Z {"module": "tests.qa_engine.test_qa_010_legacy_retirement", "run": 7, "failures": 0, "errors": 0, "skips": 0, "passed": true, "seconds": 0.684}
2026-09-26T14:27:46.0272179Z {"module": "tests.qa_engine.test_qa_architecture", "run": 5, "failures": 0, "errors": 0, "skips": 0, "passed": true, "seconds": 0.009}
2026-09-26T14:27:46.3134537Z {"module": "tests.qa_engine.test_receipts_pipeline", "run": 7, "failures": 0, "errors": 0, "skips": 0, "passed": true, "seconds": 0.286}
2026-09-26T14:27:46.3149698Z {"module": "tests.state_engine.test_expression_runtime", "run": 9, "failures": 0, "errors": 0, "skips": 0, "passed": true, "seconds": 0.001}
2026-09-26T14:27:46.3268202Z {"module": "tests.state_engine.test_replay_invariants", "run": 7, "failures": 0, "errors": 0, "skips": 0, "passed": true, "seconds": 0.003}
2026-09-26T14:27:46.3290270Z {"module": "tests.state_engine.test_state_001_state_variables", "run": 12, "failures": 0, "errors": 0, "skips": 0, "passed": true, "seconds": 0.002}
2026-09-26T14:27:46.3309975Z {"module": "tests.state_engine.test_state_002_manipulables", "run": 11, "failures": 0, "errors": 0, "skips": 0, "passed": true, "seconds": 0.002}
2026-09-26T14:27:46.3334897Z {"module": "tests.state_engine.test_state_003_rules", "run": 10, "failures": 0, "errors": 0, "skips": 0, "passed": true, "seconds": 0.002}
2026-09-26T14:27:46.3353418Z {"module": "tests.state_engine.test_state_004_effects", "run": 14, "failures": 0, "errors": 0, "skips": 0, "passed": true, "seconds": 0.001}
2026-09-26T14:27:46.3376482Z {"module": "tests.state_engine.test_state_005_challenge_state", "run": 12, "failures": 0, "errors": 0, "skips": 0, "passed": true, "seconds": 0.002}
2026-09-26T14:27:46.3397155Z {"module": "tests.state_engine.test_state_006_success_conditions", "run": 6, "failures": 0, "errors": 0, "skips": 0, "passed": true, "seconds": 0.002}
2026-09-26T14:27:46.3417132Z {"module": "tests.state_engine.test_state_007_failure_conditions", "run": 6, "failures": 0, "errors": 0, "skips": 0, "passed": true, "seconds": 0.002}
2026-09-26T14:27:46.3436290Z {"module": "tests.state_engine.test_state_008_reachability", "run": 12, "failures": 0, "errors": 0, "skips": 0, "passed": true, "seconds": 0.001}
2026-09-26T14:27:46.3527115Z {"module": "tests.state_engine.test_state_architecture_security", "run": 3, "failures": 0, "errors": 0, "skips": 0, "passed": true, "seconds": 0.009}
2026-09-26T14:27:46.3570213Z {"module": "tests.state_engine.test_transition_engine", "run": 9, "failures": 0, "errors": 0, "skips": 0, "passed": true, "seconds": 0.004}
2026-09-26T14:27:46.3675483Z {"module": "tests.test_batch02_architecture", "run": 4, "failures": 0, "errors": 0, "skips": 0, "passed": true, "seconds": 0.01}
2026-09-26T14:27:46.3700352Z {"module": "tests.test_causal_strategy", "run": 8, "failures": 0, "errors": 0, "skips": 0, "passed": true, "seconds": 0.002}
2026-09-26T14:27:46.3721828Z {"module": "tests.test_diagnostic_strategy", "run": 8, "failures": 0, "errors": 0, "skips": 0, "passed": true, "seconds": 0.002}
2026-09-26T14:27:46.3782396Z {"module": "tests.test_director_adaptation", "run": 5, "failures": 0, "errors": 0, "skips": 0, "passed": true, "seconds": 0.006}
2026-09-26T14:27:46.3844302Z {"module": "tests.test_director_adversarial", "run": 8, "failures": 0, "errors": 0, "skips": 0, "passed": true, "seconds": 0.006}
2026-09-26T14:27:46.3885340Z {"module": "tests.test_director_contracts", "run": 6, "failures": 0, "errors": 0, "skips": 0, "passed": true, "seconds": 0.004}
2026-09-26T14:27:46.4236697Z {"module": "tests.test_director_cross_strategy", "run": 8, "failures": 0, "errors": 0, "skips": 0, "passed": true, "seconds": 0.035}
2026-09-26T14:27:46.4299074Z {"module": "tests.test_director_difficulty", "run": 5, "failures": 0, "errors": 0, "skips": 0, "passed": true, "seconds": 0.006}
2026-09-26T14:27:46.4355460Z {"module": "tests.test_director_feedback_design", "run": 5, "failures": 0, "errors": 0, "skips": 0, "passed": true, "seconds": 0.005}
2026-09-26T14:27:46.4412692Z {"module": "tests.test_director_graph", "run": 4, "failures": 0, "errors": 0, "skips": 0, "passed": true, "seconds": 0.005}
2026-09-26T14:27:46.4469522Z {"module": "tests.test_director_hint_strategy", "run": 5, "failures": 0, "errors": 0, "skips": 0, "passed": true, "seconds": 0.005}
2026-09-26T14:27:46.4538298Z {"module": "tests.test_director_level_sequencing", "run": 6, "failures": 0, "errors": 0, "skips": 0, "passed": true, "seconds": 0.006}
2026-09-26T14:27:46.4593460Z {"module": "tests.test_director_mastery_mapping", "run": 5, "failures": 0, "errors": 0, "skips": 0, "passed": true, "seconds": 0.005}
2026-09-26T14:27:46.4721266Z {"module": "tests.test_director_mechanic_selection", "run": 6, "failures": 0, "errors": 0, "skips": 0, "passed": true, "seconds": 0.012}
2026-09-26T14:27:46.4776833Z {"module": "tests.test_director_misconception_mapping", "run": 5, "failures": 0, "errors": 0, "skips": 0, "passed": true, "seconds": 0.005}
2026-09-26T14:27:46.4833283Z {"module": "tests.test_director_objective_mapping", "run": 5, "failures": 0, "errors": 0, "skips": 0, "passed": true, "seconds": 0.005}
2026-09-26T14:27:46.4897737Z {"module": "tests.test_director_pipeline", "run": 2, "failures": 0, "errors": 0, "skips": 0, "passed": true, "seconds": 0.006}
2026-09-26T14:27:46.5102281Z {"module": "tests.test_director_plan_consistency", "run": 12, "failures": 0, "errors": 0, "skips": 0, "passed": true, "seconds": 0.02}
2026-09-26T14:27:46.5229957Z {"module": "tests.test_director_planner", "run": 6, "failures": 0, "errors": 0, "skips": 0, "passed": true, "seconds": 0.012}
2026-09-26T14:27:46.5326866Z {"module": "tests.test_director_receipts", "run": 3, "failures": 0, "errors": 0, "skips": 0, "passed": true, "seconds": 0.006}
2026-09-26T14:27:46.5409446Z {"module": "tests.test_director_scoring", "run": 5, "failures": 0, "errors": 0, "skips": 0, "passed": true, "seconds": 0.005}
2026-09-26T14:27:46.5515744Z {"module": "tests.test_director_studio_policy", "run": 5, "failures": 0, "errors": 0, "skips": 0, "passed": true, "seconds": 0.01}
2026-09-26T14:27:46.5538470Z {"module": "tests.test_equation_strategy", "run": 8, "failures": 0, "errors": 0, "skips": 0, "passed": true, "seconds": 0.002}
2026-09-26T14:27:50.3979933Z {"module": "tests.test_expression_runtime_parity", "run": 6, "failures": 0, "errors": 0, "skips": 0, "passed": true, "seconds": 3.843}
2026-09-26T14:27:54.3010763Z {"module": "tests.test_full_reaudit_boundaries", "run": 12, "failures": 0, "errors": 0, "skips": 0, "passed": true, "seconds": 3.902}
2026-09-26T14:27:55.9010601Z {"module": "tests.test_h7_deployed_origin", "run": 1, "failures": 0, "errors": 0, "skips": 0, "passed": true, "seconds": 1.599}
2026-09-26T14:27:55.9155251Z {"module": "tests.test_h7_lineage", "run": 2, "failures": 0, "errors": 0, "skips": 0, "passed": true, "seconds": 0.014}
2026-09-26T14:27:55.9349482Z {"module": "tests.test_h7_properties", "run": 11, "failures": 0, "errors": 0, "skips": 0, "passed": true, "seconds": 0.019}
2026-09-26T14:27:59.2649318Z {"module": "tests.test_input_routing_audit", "run": 6, "failures": 0, "errors": 0, "skips": 0, "passed": true, "seconds": 3.329}
2026-09-26T14:27:59.2677326Z {"module": "tests.test_manipulation_strategy", "run": 8, "failures": 0, "errors": 0, "skips": 0, "passed": true, "seconds": 0.002}
2026-09-26T14:27:59.2700383Z {"module": "tests.test_map_strategy", "run": 8, "failures": 0, "errors": 0, "skips": 0, "passed": true, "seconds": 0.002}
2026-09-26T14:27:59.2722454Z {"module": "tests.test_prediction_strategy", "run": 8, "failures": 0, "errors": 0, "skips": 0, "passed": true, "seconds": 0.002}
2026-09-26T14:27:59.3009815Z {"module": "tests.test_reaudit_learning_and_qa", "run": 8, "failures": 0, "errors": 0, "skips": 0, "passed": true, "seconds": 0.028}
2026-09-26T14:28:00.3175168Z {"module": "tests.test_reaudit_process_confinement", "run": 2, "failures": 0, "errors": 0, "skips": 0, "passed": true, "seconds": 1.016}
2026-09-26T14:28:00.3207714Z {"module": "tests.test_retrieval_strategy", "run": 8, "failures": 0, "errors": 0, "skips": 0, "passed": true, "seconds": 0.003}
2026-09-26T14:28:06.5657944Z {"module": "tests.test_runtime_audit_regressions", "run": 11, "failures": 0, "errors": 0, "skips": 0, "passed": true, "seconds": 6.244}
2026-09-26T14:28:06.5862077Z {"module": "tests.test_selector", "run": 12, "failures": 0, "errors": 0, "skips": 0, "passed": true, "seconds": 0.02}
2026-09-26T14:28:06.5887630Z {"module": "tests.test_simulation_strategy", "run": 8, "failures": 0, "errors": 0, "skips": 0, "passed": true, "seconds": 0.002}
2026-09-26T14:28:06.5918528Z {"module": "tests.test_strategy_contracts", "run": 17, "failures": 0, "errors": 0, "skips": 0, "passed": true, "seconds": 0.003}
2026-09-26T14:28:06.5943472Z {"module": "tests.test_timeline_strategy", "run": 8, "failures": 0, "errors": 0, "skips": 0, "passed": true, "seconds": 0.002}
2026-09-26T14:28:06.5957076Z {"schema_version": "bie.game.section15.linux-verification/1", "platform": "Linux-6.17.0-1022-azure-x86_64-with-glibc2.39", "tested_commit": "36191ccd56336f8c455a125c63aec35b566b1b41", "source_inventory_sha256": "815d3d3af4951fdb7cf7ed32a8f2197409e256541f8cbc8f8d7dfd01f07c651e", "product_accepted": false, "tests_run": 1121, "passed": false, "seconds": 84.602}
2026-09-26T14:28:06.6400235Z ##[error]Process completed with exit code 1.
2026-09-26T14:28:06.6494684Z ##[group]Run actions/upload-artifact@ea165f8d65b6e75b540449e92b4886f43607fa02
2026-09-26T14:28:06.6494932Z with:
2026-09-26T14:28:06.6495059Z   name: game-section15-linux-evidence
2026-09-26T14:28:06.6495230Z   path: /home/runner/work/_temp/game15-evidence/
2026-09-26T14:28:06.6495396Z   retention-days: 14
2026-09-26T14:28:06.6495524Z   if-no-files-found: error
2026-09-26T14:28:06.6495657Z   compression-level: 6
2026-09-26T14:28:06.6495782Z   overwrite: false
2026-09-26T14:28:06.6495904Z   include-hidden-files: false
2026-09-26T14:28:06.6496037Z env:
2026-09-26T14:28:06.6496151Z   PYTHONDONTWRITEBYTECODE: 1
2026-09-26T14:28:06.6496321Z   pythonLocation: /opt/hostedtoolcache/Python/3.13.5/x64
2026-09-26T14:28:06.6496552Z   PKG_CONFIG_PATH: /opt/hostedtoolcache/Python/3.13.5/x64/lib/pkgconfig
2026-09-26T14:28:06.6496778Z   Python_ROOT_DIR: /opt/hostedtoolcache/Python/3.13.5/x64
2026-09-26T14:28:06.6496980Z   Python2_ROOT_DIR: /opt/hostedtoolcache/Python/3.13.5/x64
2026-09-26T14:28:06.6497224Z   Python3_ROOT_DIR: /opt/hostedtoolcache/Python/3.13.5/x64
2026-09-26T14:28:06.6497583Z   LD_LIBRARY_PATH: /opt/hostedtoolcache/Python/3.13.5/x64/lib
2026-09-26T14:28:06.6497761Z ##[endgroup]
2026-09-26T14:28:06.7521259Z (node:8452) [DEP0040] DeprecationWarning: The `punycode` module is deprecated. Please use a userland alternative instead.
2026-09-26T14:28:06.7521760Z (Use `node --trace-deprecation ...` to show where the warning was created)
2026-09-26T14:28:06.7678263Z With the provided path, there will be 169 files uploaded
2026-09-26T14:28:06.7681443Z Artifact name is valid!
2026-09-26T14:28:06.7683383Z Root directory input is valid!
2026-09-26T14:28:07.0445413Z Beginning upload of artifact content to blob storage
2026-09-26T14:28:07.1340665Z (node:8452) [DEP0169] DeprecationWarning: `url.parse()` behavior is not standardized and prone to errors that have security implications. Use the WHATWG URL API instead. CVEs are not issued for `url.parse()` vulnerabilities.
2026-09-26T14:28:07.4138294Z Uploaded bytes 88457
2026-09-26T14:28:07.4603863Z Finished uploading artifact content to blob storage!
2026-09-26T14:28:07.4604687Z SHA256 digest of uploaded artifact zip is adf43594dc4a9189a12e8f9fc8eff5d94886cdf331c2a044d12c713954729aa6
2026-09-26T14:28:07.4605552Z Finalizing artifact upload
2026-09-26T14:28:07.6708551Z Artifact game-section15-linux-evidence.zip successfully finalized. Artifact ID 10908347589
2026-09-26T14:28:07.6709469Z Artifact game-section15-linux-evidence has been successfully uploaded! Final size is 88457 bytes. Artifact ID is 10908347589
2026-09-26T14:28:07.6713874Z Artifact download URL: https://github.com/SEENAV01/Enterprise-bie/actions/runs/36248478400/artifacts/10908347589
2026-09-26T14:28:07.6888034Z Post job cleanup.
2026-09-26T14:28:07.7441122Z [command]/usr/bin/git version
2026-09-26T14:28:07.7472208Z git version 2.55.0
2026-09-26T14:28:07.7496678Z Temporarily overriding HOME='/home/runner/work/_temp/f860b27c-4f41-446e-a297-c62f81cd14b6' before making global git config changes
2026-09-26T14:28:07.7497912Z Adding repository directory to the temporary git global config as a safe directory
2026-09-26T14:28:07.7499369Z [command]/usr/bin/git config --global --add safe.directory /home/runner/work/Enterprise-bie/Enterprise-bie
2026-09-26T14:28:07.7529693Z [command]/usr/bin/git config --local --name-only --get-regexp core\.sshCommand
2026-09-26T14:28:07.7556514Z [command]/usr/bin/git submodule foreach --recursive sh -c "git config --local --name-only --get-regexp 'core\.sshCommand' && git config --local --unset-all 'core.sshCommand' || :"
2026-09-26T14:28:07.7791915Z [command]/usr/bin/git config --local --name-only --get-regexp http\.https\:\/\/github\.com\/\.extraheader
2026-09-26T14:28:07.7828773Z [command]/usr/bin/git submodule foreach --recursive sh -c "git config --local --name-only --get-regexp 'http\.https\:\/\/github\.com\/\.extraheader' && git config --local --unset-all 'http.https://github.com/.extraheader' || :"
2026-09-26T14:28:07.8032919Z [command]/usr/bin/git config --local --name-only --get-regexp ^includeIf\.gitdir:
2026-09-26T14:28:07.8062781Z [command]/usr/bin/git submodule foreach --recursive git config --local --show-origin --name-only --get-regexp remote.origin.url
2026-09-26T14:28:07.8370371Z Cleaning up orphan processes
2026-09-26T14:28:07.8596245Z ##[warning]Node.js 20 is deprecated. The following actions target Node.js 20 but are being forced to run on Node.js 24: actions/checkout@11d5960a326750d5838078e36cf38b85af677262, actions/setup-node@49933ea5288caeca8642d1e84afbd3f7d6820020, actions/setup-python@a26af69be951a213d495a4c3e4e4022e16d87065, actions/upload-artifact@ea165f8d65b6e75b540449e92b4886f43607fa02. For more information see: https://github.blog/changelog/2025-09-19-deprecation-of-node-20-on-github-actions-runners/

